2024-06-09 09:42:02,935:WARNING:
'cuml' is a soft dependency and not included in the pycaret installation. Please run: `pip install cuml` to install.
2024-06-09 09:42:02,935:WARNING:
'cuml' is a soft dependency and not included in the pycaret installation. Please run: `pip install cuml` to install.
2024-06-09 09:42:02,935:WARNING:
'cuml' is a soft dependency and not included in the pycaret installation. Please run: `pip install cuml` to install.
2024-06-09 09:42:02,935:WARNING:
'cuml' is a soft dependency and not included in the pycaret installation. Please run: `pip install cuml` to install.
2024-06-09 09:42:18,941:INFO:PyCaret ClassificationExperiment
2024-06-09 09:42:18,942:INFO:Logging name: Neo Prediction
2024-06-09 09:42:18,943:INFO:ML Usecase: MLUsecase.CLASSIFICATION
2024-06-09 09:42:18,943:INFO:version 3.3.2
2024-06-09 09:42:18,943:INFO:Initializing setup()
2024-06-09 09:42:18,943:INFO:self.USI: 6abc
2024-06-09 09:42:18,943:INFO:self._variable_keys: {'y_test', 'logging_param', 'seed', 'memory', 'gpu_n_jobs_param', 'n_jobs_param', 'fix_imbalance', 'exp_id', 'log_plots_param', '_ml_usecase', 'y', 'fold_shuffle_param', 'y_train', 'X', '_available_plots', 'is_multiclass', 'html_param', 'fold_groups_param', 'target_param', 'idx', 'pipeline', 'gpu_param', 'data', 'X_train', 'X_test', 'fold_generator', 'exp_name_log', 'USI'}
2024-06-09 09:42:18,943:INFO:Checking environment
2024-06-09 09:42:18,943:INFO:python_version: 3.11.5
2024-06-09 09:42:18,943:INFO:python_build: ('main', 'Sep 11 2023 13:26:23')
2024-06-09 09:42:18,943:INFO:machine: AMD64
2024-06-09 09:42:18,943:INFO:platform: Windows-10-10.0.22631-SP0
2024-06-09 09:42:18,943:INFO:Memory: svmem(total=16832106496, available=4142952448, percent=75.4, used=12689154048, free=4142952448)
2024-06-09 09:42:18,943:INFO:Physical Core: 10
2024-06-09 09:42:18,943:INFO:Logical Core: 12
2024-06-09 09:42:18,943:INFO:Checking libraries
2024-06-09 09:42:18,943:INFO:System:
2024-06-09 09:42:18,943:INFO:    python: 3.11.5 | packaged by Anaconda, Inc. | (main, Sep 11 2023, 13:26:23) [MSC v.1916 64 bit (AMD64)]
2024-06-09 09:42:18,943:INFO:executable: c:\Users\donaj\anaconda3\python.exe
2024-06-09 09:42:18,943:INFO:   machine: Windows-10-10.0.22631-SP0
2024-06-09 09:42:18,943:INFO:PyCaret required dependencies:
2024-06-09 09:42:20,839:INFO:                 pip: 23.2.1
2024-06-09 09:42:20,839:INFO:          setuptools: 68.0.0
2024-06-09 09:42:20,839:INFO:             pycaret: 3.3.2
2024-06-09 09:42:20,839:INFO:             IPython: 8.15.0
2024-06-09 09:42:20,839:INFO:          ipywidgets: 8.0.4
2024-06-09 09:42:20,839:INFO:                tqdm: 4.65.0
2024-06-09 09:42:20,839:INFO:               numpy: 1.24.3
2024-06-09 09:42:20,839:INFO:              pandas: 2.0.3
2024-06-09 09:42:20,839:INFO:              jinja2: 3.1.2
2024-06-09 09:42:20,839:INFO:               scipy: 1.11.1
2024-06-09 09:42:20,839:INFO:              joblib: 1.2.0
2024-06-09 09:42:20,839:INFO:             sklearn: 1.4.2
2024-06-09 09:42:20,839:INFO:                pyod: 2.0.0
2024-06-09 09:42:20,839:INFO:            imblearn: 0.12.3
2024-06-09 09:42:20,839:INFO:   category_encoders: 2.6.3
2024-06-09 09:42:20,839:INFO:            lightgbm: 4.3.0
2024-06-09 09:42:20,839:INFO:               numba: 0.57.1
2024-06-09 09:42:20,839:INFO:            requests: 2.31.0
2024-06-09 09:42:20,839:INFO:          matplotlib: 3.7.2
2024-06-09 09:42:20,839:INFO:          scikitplot: 0.3.7
2024-06-09 09:42:20,839:INFO:         yellowbrick: 1.5
2024-06-09 09:42:20,839:INFO:              plotly: 5.22.0
2024-06-09 09:42:20,839:INFO:    plotly-resampler: Not installed
2024-06-09 09:42:20,839:INFO:             kaleido: 0.2.1
2024-06-09 09:42:20,839:INFO:           schemdraw: 0.15
2024-06-09 09:42:20,839:INFO:         statsmodels: 0.14.0
2024-06-09 09:42:20,839:INFO:              sktime: 0.26.0
2024-06-09 09:42:20,839:INFO:               tbats: 1.1.3
2024-06-09 09:42:20,839:INFO:            pmdarima: 2.0.4
2024-06-09 09:42:20,839:INFO:              psutil: 5.9.0
2024-06-09 09:42:20,839:INFO:          markupsafe: 2.1.1
2024-06-09 09:42:20,840:INFO:             pickle5: Not installed
2024-06-09 09:42:20,840:INFO:         cloudpickle: 2.2.1
2024-06-09 09:42:20,840:INFO:         deprecation: 2.1.0
2024-06-09 09:42:20,840:INFO:              xxhash: 2.0.2
2024-06-09 09:42:20,840:INFO:           wurlitzer: Not installed
2024-06-09 09:42:20,840:INFO:PyCaret optional dependencies:
2024-06-09 09:42:21,524:INFO:                shap: Not installed
2024-06-09 09:42:21,524:INFO:           interpret: Not installed
2024-06-09 09:42:21,524:INFO:                umap: Not installed
2024-06-09 09:42:21,524:INFO:     ydata_profiling: Not installed
2024-06-09 09:42:21,524:INFO:  explainerdashboard: Not installed
2024-06-09 09:42:21,524:INFO:             autoviz: Not installed
2024-06-09 09:42:21,524:INFO:           fairlearn: Not installed
2024-06-09 09:42:21,524:INFO:          deepchecks: Not installed
2024-06-09 09:42:21,524:INFO:             xgboost: 2.0.3
2024-06-09 09:42:21,524:INFO:            catboost: Not installed
2024-06-09 09:42:21,524:INFO:              kmodes: Not installed
2024-06-09 09:42:21,524:INFO:             mlxtend: Not installed
2024-06-09 09:42:21,524:INFO:       statsforecast: 1.4.0
2024-06-09 09:42:21,524:INFO:        tune_sklearn: Not installed
2024-06-09 09:42:21,524:INFO:                 ray: Not installed
2024-06-09 09:42:21,525:INFO:            hyperopt: Not installed
2024-06-09 09:42:21,525:INFO:              optuna: Not installed
2024-06-09 09:42:21,525:INFO:               skopt: Not installed
2024-06-09 09:42:21,525:INFO:              mlflow: Not installed
2024-06-09 09:42:21,525:INFO:              gradio: Not installed
2024-06-09 09:42:21,525:INFO:             fastapi: Not installed
2024-06-09 09:42:21,525:INFO:             uvicorn: Not installed
2024-06-09 09:42:21,525:INFO:              m2cgen: Not installed
2024-06-09 09:42:21,525:INFO:           evidently: Not installed
2024-06-09 09:42:21,525:INFO:               fugue: Not installed
2024-06-09 09:42:21,525:INFO:           streamlit: Not installed
2024-06-09 09:42:21,525:INFO:             prophet: Not installed
2024-06-09 09:42:21,525:INFO:None
2024-06-09 09:42:21,525:INFO:Set up data.
2024-06-09 09:42:21,583:INFO:Set up folding strategy.
2024-06-09 09:42:21,583:INFO:Set up train/test split.
2024-06-09 09:42:21,628:INFO:Set up index.
2024-06-09 09:42:21,632:INFO:Assigning column types.
2024-06-09 09:42:21,640:INFO:Engine successfully changes for model 'lr' to 'sklearn'.
2024-06-09 09:42:21,668:INFO:Engine for model 'knn' has not been set explicitly, hence returning None.
2024-06-09 09:42:21,672:INFO:Engine for model 'rbfsvm' has not been set explicitly, hence returning None.
2024-06-09 09:42:21,702:INFO:Soft dependency imported: xgboost: 2.0.3
2024-06-09 09:42:21,704:WARNING:
'catboost' is a soft dependency and not included in the pycaret installation. Please run: `pip install catboost` to install.
Alternately, you can install this by running `pip install pycaret[models]`
2024-06-09 09:42:21,733:INFO:Engine for model 'knn' has not been set explicitly, hence returning None.
2024-06-09 09:42:21,734:INFO:Engine for model 'rbfsvm' has not been set explicitly, hence returning None.
2024-06-09 09:42:21,753:INFO:Soft dependency imported: xgboost: 2.0.3
2024-06-09 09:42:21,755:WARNING:
'catboost' is a soft dependency and not included in the pycaret installation. Please run: `pip install catboost` to install.
Alternately, you can install this by running `pip install pycaret[models]`
2024-06-09 09:42:21,755:INFO:Engine successfully changes for model 'knn' to 'sklearn'.
2024-06-09 09:42:21,784:INFO:Engine for model 'rbfsvm' has not been set explicitly, hence returning None.
2024-06-09 09:42:21,802:INFO:Soft dependency imported: xgboost: 2.0.3
2024-06-09 09:42:21,804:WARNING:
'catboost' is a soft dependency and not included in the pycaret installation. Please run: `pip install catboost` to install.
Alternately, you can install this by running `pip install pycaret[models]`
2024-06-09 09:42:21,834:INFO:Engine for model 'rbfsvm' has not been set explicitly, hence returning None.
2024-06-09 09:42:21,851:INFO:Soft dependency imported: xgboost: 2.0.3
2024-06-09 09:42:21,854:WARNING:
'catboost' is a soft dependency and not included in the pycaret installation. Please run: `pip install catboost` to install.
Alternately, you can install this by running `pip install pycaret[models]`
2024-06-09 09:42:21,854:INFO:Engine successfully changes for model 'rbfsvm' to 'sklearn'.
2024-06-09 09:42:21,902:INFO:Soft dependency imported: xgboost: 2.0.3
2024-06-09 09:42:21,903:WARNING:
'catboost' is a soft dependency and not included in the pycaret installation. Please run: `pip install catboost` to install.
Alternately, you can install this by running `pip install pycaret[models]`
2024-06-09 09:42:21,951:INFO:Soft dependency imported: xgboost: 2.0.3
2024-06-09 09:42:21,954:WARNING:
'catboost' is a soft dependency and not included in the pycaret installation. Please run: `pip install catboost` to install.
Alternately, you can install this by running `pip install pycaret[models]`
2024-06-09 09:42:21,961:INFO:Preparing preprocessing pipeline...
2024-06-09 09:42:21,965:INFO:Set up simple imputation.
2024-06-09 09:42:21,974:INFO:Set up encoding of categorical features.
2024-06-09 09:42:21,974:INFO:Set up polynomial features.
2024-06-09 09:42:21,974:INFO:Set up removing multicollinearity.
2024-06-09 09:42:21,974:INFO:Set up removing outliers.
2024-06-09 09:42:21,974:INFO:Set up imbalanced handling.
2024-06-09 09:42:21,974:INFO:Set up feature normalization.
2024-06-09 09:42:24,447:INFO:Finished creating preprocessing pipeline.
2024-06-09 09:42:24,456:INFO:Pipeline: Pipeline(memory=FastMemory(location=C:\Users\donaj\AppData\Local\Temp\joblib),
         steps=[('numerical_imputer',
                 TransformerWrapper(exclude=None,
                                    include=['est_diameter_min',
                                             'est_diameter_max',
                                             'relative_velocity',
                                             'miss_distance',
                                             'absolute_magnitude'],
                                    transformer=SimpleImputer(add_indicator=False,
                                                              copy=True,
                                                              fill_value=None,
                                                              keep_empty_features=False,
                                                              missing_v...
                                                               random_state=42,
                                                               threshold=0.05))),
                ('balance',
                 TransformerWrapper(exclude=None, include=None,
                                    transformer=FixImbalancer(estimator=SMOTEENN(enn=None,
                                                                                 n_jobs=None,
                                                                                 random_state=None,
                                                                                 sampling_strategy='auto',
                                                                                 smote=None)))),
                ('normalize',
                 TransformerWrapper(exclude=None, include=None,
                                    transformer=MinMaxScaler(clip=False,
                                                             copy=True,
                                                             feature_range=(0,
                                                                            1))))],
         verbose=False)
2024-06-09 09:42:24,456:INFO:Creating final display dataframe.
2024-06-09 09:42:28,832:INFO:Setup _display_container:                     Description  \
0                    Session id   
1                        Target   
2                   Target type   
3           Original data shape   
4        Transformed data shape   
5   Transformed train set shape   
6    Transformed test set shape   
7               Ignore features   
8              Numeric features   
9          Categorical features   
10                   Preprocess   
11              Imputation type   
12           Numeric imputation   
13       Categorical imputation   
14     Maximum one-hot encoding   
15              Encoding method   
16          Polynomial features   
17            Polynomial degree   
18     Remove multicollinearity   
19  Multicollinearity threshold   
20              Remove outliers   
21           Outliers threshold   
22                Fix imbalance   
23         Fix imbalance method   
24                    Normalize   
25             Normalize method   
26               Fold Generator   
27                  Fold Number   
28                     CPU Jobs   
29                      Use GPU   
30               Log Experiment   
31              Experiment Name   
32                          USI   

                                                Value  
0                                                  42  
1                                           hazardous  
2                                              Binary  
3                                         (90836, 10)  
4                                        (110309, 14)  
5                                         (88069, 14)  
6                                         (22709, 14)  
7                                                   2  
8                                                   5  
9                                                   1  
10                                               True  
11                                             simple  
12                                               mean  
13                                               mode  
14                                                 25  
15                                               None  
16                                               True  
17                                                  2  
18                                               True  
19                                                0.9  
20                                               True  
21                                               0.05  
22                                               True  
23  SMOTEENN(enn=None, n_jobs=None, random_state=N...  
24                                               True  
25                                             minmax  
26                                    StratifiedKFold  
27                                                 10  
28                                                 -1  
29                                              False  
30                                              False  
31                                     Neo Prediction  
32                                               6abc  
2024-06-09 09:42:28,927:INFO:Soft dependency imported: xgboost: 2.0.3
2024-06-09 09:42:28,929:WARNING:
'catboost' is a soft dependency and not included in the pycaret installation. Please run: `pip install catboost` to install.
Alternately, you can install this by running `pip install pycaret[models]`
2024-06-09 09:42:29,008:INFO:Soft dependency imported: xgboost: 2.0.3
2024-06-09 09:42:29,010:WARNING:
'catboost' is a soft dependency and not included in the pycaret installation. Please run: `pip install catboost` to install.
Alternately, you can install this by running `pip install pycaret[models]`
2024-06-09 09:42:29,011:INFO:setup() successfully completed in 10.09s...............
2024-06-09 09:42:34,122:INFO:Initializing compare_models()
2024-06-09 09:42:34,122:INFO:compare_models(self=<pycaret.classification.oop.ClassificationExperiment object at 0x000001C4ABD62A90>, include=None, exclude=None, fold=None, round=4, cross_validation=True, sort=Accuracy, n_select=1, budget_time=None, turbo=True, errors=ignore, fit_kwargs=None, groups=None, experiment_custom_tags=None, probability_threshold=None, verbose=True, parallel=None, caller_params={'self': <pycaret.classification.oop.ClassificationExperiment object at 0x000001C4ABD62A90>, 'include': None, 'exclude': None, 'fold': None, 'round': 4, 'cross_validation': True, 'sort': 'Accuracy', 'n_select': 1, 'budget_time': None, 'turbo': True, 'errors': 'ignore', 'fit_kwargs': None, 'groups': None, 'experiment_custom_tags': None, 'probability_threshold': None, 'engine': None, 'verbose': True, 'parallel': None, '__class__': <class 'pycaret.classification.oop.ClassificationExperiment'>})
2024-06-09 09:42:34,122:INFO:Checking exceptions
2024-06-09 09:42:34,136:INFO:Preparing display monitor
2024-06-09 09:42:34,167:INFO:Initializing Logistic Regression
2024-06-09 09:42:34,167:INFO:Total runtime is 0.0 minutes
2024-06-09 09:42:34,173:INFO:SubProcess create_model() called ==================================
2024-06-09 09:42:34,173:INFO:Initializing create_model()
2024-06-09 09:42:34,173:INFO:create_model(self=<pycaret.classification.oop.ClassificationExperiment object at 0x000001C4ABD62A90>, estimator=lr, fold=StratifiedKFold(n_splits=10, random_state=None, shuffle=False), round=4, cross_validation=True, predict=True, fit_kwargs={}, groups=None, refit=False, probability_threshold=None, experiment_custom_tags=None, verbose=False, system=False, add_to_model_list=True, metrics=None, display=<pycaret.internal.display.display.CommonDisplay object at 0x000001C4AB182D10>, model_only=True, return_train_score=False, error_score=0.0, kwargs={})
2024-06-09 09:42:34,173:INFO:Checking exceptions
2024-06-09 09:42:34,173:INFO:Importing libraries
2024-06-09 09:42:34,174:INFO:Copying training dataset
2024-06-09 09:42:34,208:INFO:Defining folds
2024-06-09 09:42:34,208:INFO:Declaring metric variables
2024-06-09 09:42:34,213:INFO:Importing untrained model
2024-06-09 09:42:34,219:INFO:Logistic Regression Imported successfully
2024-06-09 09:42:34,231:INFO:Starting cross validation
2024-06-09 09:42:34,269:INFO:Cross validating with StratifiedKFold(n_splits=10, random_state=None, shuffle=False), n_jobs=-1
2024-06-09 09:42:58,675:INFO:Calculating mean and std
2024-06-09 09:42:58,678:INFO:Creating metrics dataframe
2024-06-09 09:42:58,686:INFO:Uploading results into container
2024-06-09 09:42:58,687:INFO:Uploading model into container now
2024-06-09 09:42:58,688:INFO:_master_model_container: 1
2024-06-09 09:42:58,688:INFO:_display_container: 2
2024-06-09 09:42:58,690:INFO:LogisticRegression(C=1.0, class_weight=None, dual=False, fit_intercept=True,
                   intercept_scaling=1, l1_ratio=None, max_iter=1000,
                   multi_class='auto', n_jobs=None, penalty='l2',
                   random_state=42, solver='lbfgs', tol=0.0001, verbose=0,
                   warm_start=False)
2024-06-09 09:42:58,690:INFO:create_model() successfully completed......................................
2024-06-09 09:42:58,815:INFO:SubProcess create_model() end ==================================
2024-06-09 09:42:58,815:INFO:Creating metrics dataframe
2024-06-09 09:42:58,824:INFO:Initializing K Neighbors Classifier
2024-06-09 09:42:58,824:INFO:Total runtime is 0.41095009247461955 minutes
2024-06-09 09:42:58,830:INFO:SubProcess create_model() called ==================================
2024-06-09 09:42:58,832:INFO:Initializing create_model()
2024-06-09 09:42:58,832:INFO:create_model(self=<pycaret.classification.oop.ClassificationExperiment object at 0x000001C4ABD62A90>, estimator=knn, fold=StratifiedKFold(n_splits=10, random_state=None, shuffle=False), round=4, cross_validation=True, predict=True, fit_kwargs={}, groups=None, refit=False, probability_threshold=None, experiment_custom_tags=None, verbose=False, system=False, add_to_model_list=True, metrics=None, display=<pycaret.internal.display.display.CommonDisplay object at 0x000001C4AB182D10>, model_only=True, return_train_score=False, error_score=0.0, kwargs={})
2024-06-09 09:42:58,832:INFO:Checking exceptions
2024-06-09 09:42:58,832:INFO:Importing libraries
2024-06-09 09:42:58,833:INFO:Copying training dataset
2024-06-09 09:42:58,872:INFO:Defining folds
2024-06-09 09:42:58,873:INFO:Declaring metric variables
2024-06-09 09:42:58,880:INFO:Importing untrained model
2024-06-09 09:42:58,889:INFO:K Neighbors Classifier Imported successfully
2024-06-09 09:42:58,904:INFO:Starting cross validation
2024-06-09 09:42:58,925:INFO:Cross validating with StratifiedKFold(n_splits=10, random_state=None, shuffle=False), n_jobs=-1
2024-06-09 09:43:17,604:INFO:Calculating mean and std
2024-06-09 09:43:17,606:INFO:Creating metrics dataframe
2024-06-09 09:43:17,612:INFO:Uploading results into container
2024-06-09 09:43:17,613:INFO:Uploading model into container now
2024-06-09 09:43:17,614:INFO:_master_model_container: 2
2024-06-09 09:43:17,614:INFO:_display_container: 2
2024-06-09 09:43:17,615:INFO:KNeighborsClassifier(algorithm='auto', leaf_size=30, metric='minkowski',
                     metric_params=None, n_jobs=-1, n_neighbors=5, p=2,
                     weights='uniform')
2024-06-09 09:43:17,616:INFO:create_model() successfully completed......................................
2024-06-09 09:43:17,725:INFO:SubProcess create_model() end ==================================
2024-06-09 09:43:17,725:INFO:Creating metrics dataframe
2024-06-09 09:43:17,737:INFO:Initializing Naive Bayes
2024-06-09 09:43:17,737:INFO:Total runtime is 0.7261648694674174 minutes
2024-06-09 09:43:17,742:INFO:SubProcess create_model() called ==================================
2024-06-09 09:43:17,743:INFO:Initializing create_model()
2024-06-09 09:43:17,744:INFO:create_model(self=<pycaret.classification.oop.ClassificationExperiment object at 0x000001C4ABD62A90>, estimator=nb, fold=StratifiedKFold(n_splits=10, random_state=None, shuffle=False), round=4, cross_validation=True, predict=True, fit_kwargs={}, groups=None, refit=False, probability_threshold=None, experiment_custom_tags=None, verbose=False, system=False, add_to_model_list=True, metrics=None, display=<pycaret.internal.display.display.CommonDisplay object at 0x000001C4AB182D10>, model_only=True, return_train_score=False, error_score=0.0, kwargs={})
2024-06-09 09:43:17,744:INFO:Checking exceptions
2024-06-09 09:43:17,744:INFO:Importing libraries
2024-06-09 09:43:17,744:INFO:Copying training dataset
2024-06-09 09:43:17,785:INFO:Defining folds
2024-06-09 09:43:17,785:INFO:Declaring metric variables
2024-06-09 09:43:17,791:INFO:Importing untrained model
2024-06-09 09:43:17,799:INFO:Naive Bayes Imported successfully
2024-06-09 09:43:17,810:INFO:Starting cross validation
2024-06-09 09:43:17,830:INFO:Cross validating with StratifiedKFold(n_splits=10, random_state=None, shuffle=False), n_jobs=-1
2024-06-09 09:43:26,639:INFO:Calculating mean and std
2024-06-09 09:43:26,641:INFO:Creating metrics dataframe
2024-06-09 09:43:26,646:INFO:Uploading results into container
2024-06-09 09:43:26,647:INFO:Uploading model into container now
2024-06-09 09:43:26,648:INFO:_master_model_container: 3
2024-06-09 09:43:26,648:INFO:_display_container: 2
2024-06-09 09:43:26,648:INFO:GaussianNB(priors=None, var_smoothing=1e-09)
2024-06-09 09:43:26,649:INFO:create_model() successfully completed......................................
2024-06-09 09:43:26,754:INFO:SubProcess create_model() end ==================================
2024-06-09 09:43:26,754:INFO:Creating metrics dataframe
2024-06-09 09:43:26,763:INFO:Initializing Decision Tree Classifier
2024-06-09 09:43:26,763:INFO:Total runtime is 0.8765965660413106 minutes
2024-06-09 09:43:26,768:INFO:SubProcess create_model() called ==================================
2024-06-09 09:43:26,769:INFO:Initializing create_model()
2024-06-09 09:43:26,769:INFO:create_model(self=<pycaret.classification.oop.ClassificationExperiment object at 0x000001C4ABD62A90>, estimator=dt, fold=StratifiedKFold(n_splits=10, random_state=None, shuffle=False), round=4, cross_validation=True, predict=True, fit_kwargs={}, groups=None, refit=False, probability_threshold=None, experiment_custom_tags=None, verbose=False, system=False, add_to_model_list=True, metrics=None, display=<pycaret.internal.display.display.CommonDisplay object at 0x000001C4AB182D10>, model_only=True, return_train_score=False, error_score=0.0, kwargs={})
2024-06-09 09:43:26,769:INFO:Checking exceptions
2024-06-09 09:43:26,770:INFO:Importing libraries
2024-06-09 09:43:26,770:INFO:Copying training dataset
2024-06-09 09:43:26,802:INFO:Defining folds
2024-06-09 09:43:26,802:INFO:Declaring metric variables
2024-06-09 09:43:26,807:INFO:Importing untrained model
2024-06-09 09:43:26,815:INFO:Decision Tree Classifier Imported successfully
2024-06-09 09:43:26,827:INFO:Starting cross validation
2024-06-09 09:43:26,847:INFO:Cross validating with StratifiedKFold(n_splits=10, random_state=None, shuffle=False), n_jobs=-1
2024-06-09 09:43:39,770:INFO:Calculating mean and std
2024-06-09 09:43:39,773:INFO:Creating metrics dataframe
2024-06-09 09:43:39,780:INFO:Uploading results into container
2024-06-09 09:43:39,781:INFO:Uploading model into container now
2024-06-09 09:43:39,782:INFO:_master_model_container: 4
2024-06-09 09:43:39,782:INFO:_display_container: 2
2024-06-09 09:43:39,783:INFO:DecisionTreeClassifier(ccp_alpha=0.0, class_weight=None, criterion='gini',
                       max_depth=None, max_features=None, max_leaf_nodes=None,
                       min_impurity_decrease=0.0, min_samples_leaf=1,
                       min_samples_split=2, min_weight_fraction_leaf=0.0,
                       monotonic_cst=None, random_state=42, splitter='best')
2024-06-09 09:43:39,783:INFO:create_model() successfully completed......................................
2024-06-09 09:43:39,892:INFO:SubProcess create_model() end ==================================
2024-06-09 09:43:39,893:INFO:Creating metrics dataframe
2024-06-09 09:43:39,904:INFO:Initializing SVM - Linear Kernel
2024-06-09 09:43:39,904:INFO:Total runtime is 1.0956029335657755 minutes
2024-06-09 09:43:39,911:INFO:SubProcess create_model() called ==================================
2024-06-09 09:43:39,912:INFO:Initializing create_model()
2024-06-09 09:43:39,912:INFO:create_model(self=<pycaret.classification.oop.ClassificationExperiment object at 0x000001C4ABD62A90>, estimator=svm, fold=StratifiedKFold(n_splits=10, random_state=None, shuffle=False), round=4, cross_validation=True, predict=True, fit_kwargs={}, groups=None, refit=False, probability_threshold=None, experiment_custom_tags=None, verbose=False, system=False, add_to_model_list=True, metrics=None, display=<pycaret.internal.display.display.CommonDisplay object at 0x000001C4AB182D10>, model_only=True, return_train_score=False, error_score=0.0, kwargs={})
2024-06-09 09:43:39,912:INFO:Checking exceptions
2024-06-09 09:43:39,912:INFO:Importing libraries
2024-06-09 09:43:39,913:INFO:Copying training dataset
2024-06-09 09:43:39,946:INFO:Defining folds
2024-06-09 09:43:39,947:INFO:Declaring metric variables
2024-06-09 09:43:39,953:INFO:Importing untrained model
2024-06-09 09:43:39,958:INFO:SVM - Linear Kernel Imported successfully
2024-06-09 09:43:39,970:INFO:Starting cross validation
2024-06-09 09:43:39,992:INFO:Cross validating with StratifiedKFold(n_splits=10, random_state=None, shuffle=False), n_jobs=-1
2024-06-09 09:43:49,747:INFO:Calculating mean and std
2024-06-09 09:43:49,749:INFO:Creating metrics dataframe
2024-06-09 09:43:49,759:INFO:Uploading results into container
2024-06-09 09:43:49,760:INFO:Uploading model into container now
2024-06-09 09:43:49,761:INFO:_master_model_container: 5
2024-06-09 09:43:49,761:INFO:_display_container: 2
2024-06-09 09:43:49,762:INFO:SGDClassifier(alpha=0.0001, average=False, class_weight=None,
              early_stopping=False, epsilon=0.1, eta0=0.001, fit_intercept=True,
              l1_ratio=0.15, learning_rate='optimal', loss='hinge',
              max_iter=1000, n_iter_no_change=5, n_jobs=-1, penalty='l2',
              power_t=0.5, random_state=42, shuffle=True, tol=0.001,
              validation_fraction=0.1, verbose=0, warm_start=False)
2024-06-09 09:43:49,762:INFO:create_model() successfully completed......................................
2024-06-09 09:43:49,888:INFO:SubProcess create_model() end ==================================
2024-06-09 09:43:49,888:INFO:Creating metrics dataframe
2024-06-09 09:43:49,905:INFO:Initializing Ridge Classifier
2024-06-09 09:43:49,906:INFO:Total runtime is 1.2623180508613587 minutes
2024-06-09 09:43:49,913:INFO:SubProcess create_model() called ==================================
2024-06-09 09:43:49,914:INFO:Initializing create_model()
2024-06-09 09:43:49,914:INFO:create_model(self=<pycaret.classification.oop.ClassificationExperiment object at 0x000001C4ABD62A90>, estimator=ridge, fold=StratifiedKFold(n_splits=10, random_state=None, shuffle=False), round=4, cross_validation=True, predict=True, fit_kwargs={}, groups=None, refit=False, probability_threshold=None, experiment_custom_tags=None, verbose=False, system=False, add_to_model_list=True, metrics=None, display=<pycaret.internal.display.display.CommonDisplay object at 0x000001C4AB182D10>, model_only=True, return_train_score=False, error_score=0.0, kwargs={})
2024-06-09 09:43:49,915:INFO:Checking exceptions
2024-06-09 09:43:49,915:INFO:Importing libraries
2024-06-09 09:43:49,915:INFO:Copying training dataset
2024-06-09 09:43:49,973:INFO:Defining folds
2024-06-09 09:43:49,974:INFO:Declaring metric variables
2024-06-09 09:43:49,981:INFO:Importing untrained model
2024-06-09 09:43:49,987:INFO:Ridge Classifier Imported successfully
2024-06-09 09:43:50,001:INFO:Starting cross validation
2024-06-09 09:43:50,023:INFO:Cross validating with StratifiedKFold(n_splits=10, random_state=None, shuffle=False), n_jobs=-1
2024-06-09 09:43:59,951:INFO:Calculating mean and std
2024-06-09 09:43:59,954:INFO:Creating metrics dataframe
2024-06-09 09:43:59,961:INFO:Uploading results into container
2024-06-09 09:43:59,962:INFO:Uploading model into container now
2024-06-09 09:43:59,963:INFO:_master_model_container: 6
2024-06-09 09:43:59,963:INFO:_display_container: 2
2024-06-09 09:43:59,964:INFO:RidgeClassifier(alpha=1.0, class_weight=None, copy_X=True, fit_intercept=True,
                max_iter=None, positive=False, random_state=42, solver='auto',
                tol=0.0001)
2024-06-09 09:43:59,965:INFO:create_model() successfully completed......................................
2024-06-09 09:44:00,084:INFO:SubProcess create_model() end ==================================
2024-06-09 09:44:00,084:INFO:Creating metrics dataframe
2024-06-09 09:44:00,097:INFO:Initializing Random Forest Classifier
2024-06-09 09:44:00,098:INFO:Total runtime is 1.4321846961975098 minutes
2024-06-09 09:44:00,104:INFO:SubProcess create_model() called ==================================
2024-06-09 09:44:00,105:INFO:Initializing create_model()
2024-06-09 09:44:00,105:INFO:create_model(self=<pycaret.classification.oop.ClassificationExperiment object at 0x000001C4ABD62A90>, estimator=rf, fold=StratifiedKFold(n_splits=10, random_state=None, shuffle=False), round=4, cross_validation=True, predict=True, fit_kwargs={}, groups=None, refit=False, probability_threshold=None, experiment_custom_tags=None, verbose=False, system=False, add_to_model_list=True, metrics=None, display=<pycaret.internal.display.display.CommonDisplay object at 0x000001C4AB182D10>, model_only=True, return_train_score=False, error_score=0.0, kwargs={})
2024-06-09 09:44:00,105:INFO:Checking exceptions
2024-06-09 09:44:00,105:INFO:Importing libraries
2024-06-09 09:44:00,105:INFO:Copying training dataset
2024-06-09 09:44:00,141:INFO:Defining folds
2024-06-09 09:44:00,142:INFO:Declaring metric variables
2024-06-09 09:44:00,148:INFO:Importing untrained model
2024-06-09 09:44:00,156:INFO:Random Forest Classifier Imported successfully
2024-06-09 09:44:00,166:INFO:Starting cross validation
2024-06-09 09:44:00,192:INFO:Cross validating with StratifiedKFold(n_splits=10, random_state=None, shuffle=False), n_jobs=-1
2024-06-09 09:45:10,448:INFO:Calculating mean and std
2024-06-09 09:45:10,450:INFO:Creating metrics dataframe
2024-06-09 09:45:10,460:INFO:Uploading results into container
2024-06-09 09:45:10,462:INFO:Uploading model into container now
2024-06-09 09:45:10,463:INFO:_master_model_container: 7
2024-06-09 09:45:10,463:INFO:_display_container: 2
2024-06-09 09:45:10,464:INFO:RandomForestClassifier(bootstrap=True, ccp_alpha=0.0, class_weight=None,
                       criterion='gini', max_depth=None, max_features='sqrt',
                       max_leaf_nodes=None, max_samples=None,
                       min_impurity_decrease=0.0, min_samples_leaf=1,
                       min_samples_split=2, min_weight_fraction_leaf=0.0,
                       monotonic_cst=None, n_estimators=100, n_jobs=-1,
                       oob_score=False, random_state=42, verbose=0,
                       warm_start=False)
2024-06-09 09:45:10,465:INFO:create_model() successfully completed......................................
2024-06-09 09:45:10,626:INFO:SubProcess create_model() end ==================================
2024-06-09 09:45:10,627:INFO:Creating metrics dataframe
2024-06-09 09:45:10,647:INFO:Initializing Quadratic Discriminant Analysis
2024-06-09 09:45:10,647:INFO:Total runtime is 2.6079970359802247 minutes
2024-06-09 09:45:10,656:INFO:SubProcess create_model() called ==================================
2024-06-09 09:45:10,656:INFO:Initializing create_model()
2024-06-09 09:45:10,657:INFO:create_model(self=<pycaret.classification.oop.ClassificationExperiment object at 0x000001C4ABD62A90>, estimator=qda, fold=StratifiedKFold(n_splits=10, random_state=None, shuffle=False), round=4, cross_validation=True, predict=True, fit_kwargs={}, groups=None, refit=False, probability_threshold=None, experiment_custom_tags=None, verbose=False, system=False, add_to_model_list=True, metrics=None, display=<pycaret.internal.display.display.CommonDisplay object at 0x000001C4AB182D10>, model_only=True, return_train_score=False, error_score=0.0, kwargs={})
2024-06-09 09:45:10,657:INFO:Checking exceptions
2024-06-09 09:45:10,658:INFO:Importing libraries
2024-06-09 09:45:10,658:INFO:Copying training dataset
2024-06-09 09:45:10,732:INFO:Defining folds
2024-06-09 09:45:10,733:INFO:Declaring metric variables
2024-06-09 09:45:10,745:INFO:Importing untrained model
2024-06-09 09:45:10,755:INFO:Quadratic Discriminant Analysis Imported successfully
2024-06-09 09:45:10,778:INFO:Starting cross validation
2024-06-09 09:45:10,811:INFO:Cross validating with StratifiedKFold(n_splits=10, random_state=None, shuffle=False), n_jobs=-1
2024-06-09 09:45:20,633:WARNING:c:\Users\donaj\anaconda3\Lib\site-packages\sklearn\discriminant_analysis.py:935: UserWarning: Variables are collinear
  warnings.warn("Variables are collinear")

2024-06-09 09:45:20,655:WARNING:c:\Users\donaj\anaconda3\Lib\site-packages\sklearn\discriminant_analysis.py:935: UserWarning: Variables are collinear
  warnings.warn("Variables are collinear")

2024-06-09 09:45:20,701:WARNING:c:\Users\donaj\anaconda3\Lib\site-packages\sklearn\discriminant_analysis.py:935: UserWarning: Variables are collinear
  warnings.warn("Variables are collinear")

2024-06-09 09:45:20,792:WARNING:c:\Users\donaj\anaconda3\Lib\site-packages\sklearn\discriminant_analysis.py:935: UserWarning: Variables are collinear
  warnings.warn("Variables are collinear")

2024-06-09 09:45:20,814:WARNING:c:\Users\donaj\anaconda3\Lib\site-packages\sklearn\discriminant_analysis.py:935: UserWarning: Variables are collinear
  warnings.warn("Variables are collinear")

2024-06-09 09:45:20,822:WARNING:c:\Users\donaj\anaconda3\Lib\site-packages\sklearn\discriminant_analysis.py:960: RuntimeWarning: divide by zero encountered in power
  X2 = np.dot(Xm, R * (S ** (-0.5)))

2024-06-09 09:45:20,822:WARNING:c:\Users\donaj\anaconda3\Lib\site-packages\sklearn\discriminant_analysis.py:960: RuntimeWarning: invalid value encountered in multiply
  X2 = np.dot(Xm, R * (S ** (-0.5)))

2024-06-09 09:45:20,828:WARNING:c:\Users\donaj\anaconda3\Lib\site-packages\sklearn\discriminant_analysis.py:963: RuntimeWarning: divide by zero encountered in log
  u = np.asarray([np.sum(np.log(s)) for s in self.scalings_])

2024-06-09 09:45:20,840:WARNING:c:\Users\donaj\anaconda3\Lib\site-packages\sklearn\discriminant_analysis.py:935: UserWarning: Variables are collinear
  warnings.warn("Variables are collinear")

2024-06-09 09:45:20,841:WARNING:c:\Users\donaj\anaconda3\Lib\site-packages\sklearn\discriminant_analysis.py:960: RuntimeWarning: divide by zero encountered in power
  X2 = np.dot(Xm, R * (S ** (-0.5)))

2024-06-09 09:45:20,842:WARNING:c:\Users\donaj\anaconda3\Lib\site-packages\sklearn\discriminant_analysis.py:960: RuntimeWarning: invalid value encountered in multiply
  X2 = np.dot(Xm, R * (S ** (-0.5)))

2024-06-09 09:45:20,846:WARNING:c:\Users\donaj\anaconda3\Lib\site-packages\sklearn\discriminant_analysis.py:963: RuntimeWarning: divide by zero encountered in log
  u = np.asarray([np.sum(np.log(s)) for s in self.scalings_])

2024-06-09 09:45:20,853:WARNING:c:\Users\donaj\anaconda3\Lib\site-packages\sklearn\discriminant_analysis.py:960: RuntimeWarning: divide by zero encountered in power
  X2 = np.dot(Xm, R * (S ** (-0.5)))

2024-06-09 09:45:20,855:WARNING:c:\Users\donaj\anaconda3\Lib\site-packages\sklearn\discriminant_analysis.py:960: RuntimeWarning: invalid value encountered in multiply
  X2 = np.dot(Xm, R * (S ** (-0.5)))

2024-06-09 09:45:20,859:WARNING:c:\Users\donaj\anaconda3\Lib\site-packages\sklearn\discriminant_analysis.py:963: RuntimeWarning: divide by zero encountered in log
  u = np.asarray([np.sum(np.log(s)) for s in self.scalings_])

2024-06-09 09:45:20,873:WARNING:c:\Users\donaj\anaconda3\Lib\site-packages\sklearn\discriminant_analysis.py:960: RuntimeWarning: divide by zero encountered in power
  X2 = np.dot(Xm, R * (S ** (-0.5)))

2024-06-09 09:45:20,874:WARNING:c:\Users\donaj\anaconda3\Lib\site-packages\sklearn\discriminant_analysis.py:960: RuntimeWarning: invalid value encountered in multiply
  X2 = np.dot(Xm, R * (S ** (-0.5)))

2024-06-09 09:45:20,876:WARNING:c:\Users\donaj\anaconda3\Lib\site-packages\sklearn\discriminant_analysis.py:963: RuntimeWarning: divide by zero encountered in log
  u = np.asarray([np.sum(np.log(s)) for s in self.scalings_])

2024-06-09 09:45:20,907:WARNING:c:\Users\donaj\anaconda3\Lib\site-packages\sklearn\discriminant_analysis.py:960: RuntimeWarning: divide by zero encountered in power
  X2 = np.dot(Xm, R * (S ** (-0.5)))

2024-06-09 09:45:20,907:WARNING:c:\Users\donaj\anaconda3\Lib\site-packages\sklearn\discriminant_analysis.py:960: RuntimeWarning: invalid value encountered in multiply
  X2 = np.dot(Xm, R * (S ** (-0.5)))

2024-06-09 09:45:20,912:WARNING:c:\Users\donaj\anaconda3\Lib\site-packages\pycaret\internal\metrics.py:204: FitFailedWarning: Metric 'make_scorer(roc_auc_score, response_method=('decision_function', 'predict_proba'), average=weighted, multi_class=ovr)' failed and error score 0.0 has been returned instead. If this is a custom metric, this usually means that the error is in the metric code. Full exception below:
Traceback (most recent call last):
  File "c:\Users\donaj\anaconda3\Lib\site-packages\pycaret\internal\metrics.py", line 196, in _score
    return super()._score(
           ^^^^^^^^^^^^^^^
  File "c:\Users\donaj\anaconda3\Lib\site-packages\sklearn\metrics\_scorer.py", line 350, in _score
    return self._sign * self._score_func(y_true, y_pred, **scoring_kwargs)
                        ^^^^^^^^^^^^^^^^^^^^^^^^^^^^^^^^^^^^^^^^^^^^^^^^^^
  File "c:\Users\donaj\anaconda3\Lib\site-packages\pycaret\internal\metrics.py", line 144, in __call__
    return self.score_func(y_true, y_pred, **kwargs)
           ^^^^^^^^^^^^^^^^^^^^^^^^^^^^^^^^^^^^^^^^^
  File "c:\Users\donaj\anaconda3\Lib\site-packages\sklearn\utils\_param_validation.py", line 213, in wrapper
    return func(*args, **kwargs)
           ^^^^^^^^^^^^^^^^^^^^^
  File "c:\Users\donaj\anaconda3\Lib\site-packages\sklearn\metrics\_ranking.py", line 619, in roc_auc_score
    y_score = check_array(y_score, ensure_2d=False)
              ^^^^^^^^^^^^^^^^^^^^^^^^^^^^^^^^^^^^^
  File "c:\Users\donaj\anaconda3\Lib\site-packages\sklearn\utils\validation.py", line 1049, in check_array
    _assert_all_finite(
  File "c:\Users\donaj\anaconda3\Lib\site-packages\sklearn\utils\validation.py", line 126, in _assert_all_finite
    _assert_all_finite_element_wise(
  File "c:\Users\donaj\anaconda3\Lib\site-packages\sklearn\utils\validation.py", line 175, in _assert_all_finite_element_wise
    raise ValueError(msg_err)
ValueError: Input contains NaN.

  warnings.warn(

2024-06-09 09:45:20,915:WARNING:c:\Users\donaj\anaconda3\Lib\site-packages\sklearn\discriminant_analysis.py:963: RuntimeWarning: divide by zero encountered in log
  u = np.asarray([np.sum(np.log(s)) for s in self.scalings_])

2024-06-09 09:45:20,921:WARNING:c:\Users\donaj\anaconda3\Lib\site-packages\sklearn\discriminant_analysis.py:935: UserWarning: Variables are collinear
  warnings.warn("Variables are collinear")

2024-06-09 09:45:20,925:WARNING:c:\Users\donaj\anaconda3\Lib\site-packages\sklearn\discriminant_analysis.py:960: RuntimeWarning: divide by zero encountered in power
  X2 = np.dot(Xm, R * (S ** (-0.5)))

2024-06-09 09:45:20,925:WARNING:c:\Users\donaj\anaconda3\Lib\site-packages\sklearn\discriminant_analysis.py:960: RuntimeWarning: invalid value encountered in multiply
  X2 = np.dot(Xm, R * (S ** (-0.5)))

2024-06-09 09:45:20,930:WARNING:c:\Users\donaj\anaconda3\Lib\site-packages\sklearn\discriminant_analysis.py:963: RuntimeWarning: divide by zero encountered in log
  u = np.asarray([np.sum(np.log(s)) for s in self.scalings_])

2024-06-09 09:45:20,936:WARNING:c:\Users\donaj\anaconda3\Lib\site-packages\pycaret\internal\metrics.py:204: FitFailedWarning: Metric 'make_scorer(roc_auc_score, response_method=('decision_function', 'predict_proba'), average=weighted, multi_class=ovr)' failed and error score 0.0 has been returned instead. If this is a custom metric, this usually means that the error is in the metric code. Full exception below:
Traceback (most recent call last):
  File "c:\Users\donaj\anaconda3\Lib\site-packages\pycaret\internal\metrics.py", line 196, in _score
    return super()._score(
           ^^^^^^^^^^^^^^^
  File "c:\Users\donaj\anaconda3\Lib\site-packages\sklearn\metrics\_scorer.py", line 350, in _score
    return self._sign * self._score_func(y_true, y_pred, **scoring_kwargs)
                        ^^^^^^^^^^^^^^^^^^^^^^^^^^^^^^^^^^^^^^^^^^^^^^^^^^
  File "c:\Users\donaj\anaconda3\Lib\site-packages\pycaret\internal\metrics.py", line 144, in __call__
    return self.score_func(y_true, y_pred, **kwargs)
           ^^^^^^^^^^^^^^^^^^^^^^^^^^^^^^^^^^^^^^^^^
  File "c:\Users\donaj\anaconda3\Lib\site-packages\sklearn\utils\_param_validation.py", line 213, in wrapper
    return func(*args, **kwargs)
           ^^^^^^^^^^^^^^^^^^^^^
  File "c:\Users\donaj\anaconda3\Lib\site-packages\sklearn\metrics\_ranking.py", line 619, in roc_auc_score
    y_score = check_array(y_score, ensure_2d=False)
              ^^^^^^^^^^^^^^^^^^^^^^^^^^^^^^^^^^^^^
  File "c:\Users\donaj\anaconda3\Lib\site-packages\sklearn\utils\validation.py", line 1049, in check_array
    _assert_all_finite(
  File "c:\Users\donaj\anaconda3\Lib\site-packages\sklearn\utils\validation.py", line 126, in _assert_all_finite
    _assert_all_finite_element_wise(
  File "c:\Users\donaj\anaconda3\Lib\site-packages\sklearn\utils\validation.py", line 175, in _assert_all_finite_element_wise
    raise ValueError(msg_err)
ValueError: Input contains NaN.

  warnings.warn(

2024-06-09 09:45:20,945:WARNING:c:\Users\donaj\anaconda3\Lib\site-packages\sklearn\metrics\_classification.py:1509: UndefinedMetricWarning: Precision is ill-defined and being set to 0.0 due to no predicted samples. Use `zero_division` parameter to control this behavior.
  _warn_prf(average, modifier, f"{metric.capitalize()} is", len(result))

2024-06-09 09:45:20,947:WARNING:c:\Users\donaj\anaconda3\Lib\site-packages\pycaret\internal\metrics.py:204: FitFailedWarning: Metric 'make_scorer(roc_auc_score, response_method=('decision_function', 'predict_proba'), average=weighted, multi_class=ovr)' failed and error score 0.0 has been returned instead. If this is a custom metric, this usually means that the error is in the metric code. Full exception below:
Traceback (most recent call last):
  File "c:\Users\donaj\anaconda3\Lib\site-packages\pycaret\internal\metrics.py", line 196, in _score
    return super()._score(
           ^^^^^^^^^^^^^^^
  File "c:\Users\donaj\anaconda3\Lib\site-packages\sklearn\metrics\_scorer.py", line 350, in _score
    return self._sign * self._score_func(y_true, y_pred, **scoring_kwargs)
                        ^^^^^^^^^^^^^^^^^^^^^^^^^^^^^^^^^^^^^^^^^^^^^^^^^^
  File "c:\Users\donaj\anaconda3\Lib\site-packages\pycaret\internal\metrics.py", line 144, in __call__
    return self.score_func(y_true, y_pred, **kwargs)
           ^^^^^^^^^^^^^^^^^^^^^^^^^^^^^^^^^^^^^^^^^
  File "c:\Users\donaj\anaconda3\Lib\site-packages\sklearn\utils\_param_validation.py", line 213, in wrapper
    return func(*args, **kwargs)
           ^^^^^^^^^^^^^^^^^^^^^
  File "c:\Users\donaj\anaconda3\Lib\site-packages\sklearn\metrics\_ranking.py", line 619, in roc_auc_score
    y_score = check_array(y_score, ensure_2d=False)
              ^^^^^^^^^^^^^^^^^^^^^^^^^^^^^^^^^^^^^
  File "c:\Users\donaj\anaconda3\Lib\site-packages\sklearn\utils\validation.py", line 1049, in check_array
    _assert_all_finite(
  File "c:\Users\donaj\anaconda3\Lib\site-packages\sklearn\utils\validation.py", line 126, in _assert_all_finite
    _assert_all_finite_element_wise(
  File "c:\Users\donaj\anaconda3\Lib\site-packages\sklearn\utils\validation.py", line 175, in _assert_all_finite_element_wise
    raise ValueError(msg_err)
ValueError: Input contains NaN.

  warnings.warn(

2024-06-09 09:45:20,959:WARNING:c:\Users\donaj\anaconda3\Lib\site-packages\sklearn\discriminant_analysis.py:935: UserWarning: Variables are collinear
  warnings.warn("Variables are collinear")

2024-06-09 09:45:20,969:WARNING:c:\Users\donaj\anaconda3\Lib\site-packages\sklearn\metrics\_classification.py:1509: UndefinedMetricWarning: Precision is ill-defined and being set to 0.0 due to no predicted samples. Use `zero_division` parameter to control this behavior.
  _warn_prf(average, modifier, f"{metric.capitalize()} is", len(result))

2024-06-09 09:45:21,002:WARNING:c:\Users\donaj\anaconda3\Lib\site-packages\sklearn\metrics\_classification.py:1509: UndefinedMetricWarning: Precision is ill-defined and being set to 0.0 due to no predicted samples. Use `zero_division` parameter to control this behavior.
  _warn_prf(average, modifier, f"{metric.capitalize()} is", len(result))

2024-06-09 09:45:21,002:WARNING:c:\Users\donaj\anaconda3\Lib\site-packages\sklearn\discriminant_analysis.py:960: RuntimeWarning: divide by zero encountered in power
  X2 = np.dot(Xm, R * (S ** (-0.5)))

2024-06-09 09:45:21,003:WARNING:c:\Users\donaj\anaconda3\Lib\site-packages\sklearn\discriminant_analysis.py:960: RuntimeWarning: invalid value encountered in multiply
  X2 = np.dot(Xm, R * (S ** (-0.5)))

2024-06-09 09:45:21,004:WARNING:c:\Users\donaj\anaconda3\Lib\site-packages\sklearn\discriminant_analysis.py:935: UserWarning: Variables are collinear
  warnings.warn("Variables are collinear")

2024-06-09 09:45:21,005:WARNING:c:\Users\donaj\anaconda3\Lib\site-packages\sklearn\discriminant_analysis.py:963: RuntimeWarning: divide by zero encountered in log
  u = np.asarray([np.sum(np.log(s)) for s in self.scalings_])

2024-06-09 09:45:21,015:WARNING:c:\Users\donaj\anaconda3\Lib\site-packages\sklearn\discriminant_analysis.py:960: RuntimeWarning: divide by zero encountered in power
  X2 = np.dot(Xm, R * (S ** (-0.5)))

2024-06-09 09:45:21,015:WARNING:c:\Users\donaj\anaconda3\Lib\site-packages\sklearn\discriminant_analysis.py:960: RuntimeWarning: invalid value encountered in multiply
  X2 = np.dot(Xm, R * (S ** (-0.5)))

2024-06-09 09:45:21,016:WARNING:c:\Users\donaj\anaconda3\Lib\site-packages\sklearn\discriminant_analysis.py:963: RuntimeWarning: divide by zero encountered in log
  u = np.asarray([np.sum(np.log(s)) for s in self.scalings_])

2024-06-09 09:45:21,019:WARNING:c:\Users\donaj\anaconda3\Lib\site-packages\sklearn\discriminant_analysis.py:960: RuntimeWarning: divide by zero encountered in power
  X2 = np.dot(Xm, R * (S ** (-0.5)))

2024-06-09 09:45:21,020:WARNING:c:\Users\donaj\anaconda3\Lib\site-packages\sklearn\discriminant_analysis.py:960: RuntimeWarning: invalid value encountered in multiply
  X2 = np.dot(Xm, R * (S ** (-0.5)))

2024-06-09 09:45:21,023:WARNING:c:\Users\donaj\anaconda3\Lib\site-packages\sklearn\discriminant_analysis.py:963: RuntimeWarning: divide by zero encountered in log
  u = np.asarray([np.sum(np.log(s)) for s in self.scalings_])

2024-06-09 09:45:21,024:WARNING:c:\Users\donaj\anaconda3\Lib\site-packages\sklearn\discriminant_analysis.py:960: RuntimeWarning: divide by zero encountered in power
  X2 = np.dot(Xm, R * (S ** (-0.5)))

2024-06-09 09:45:21,025:WARNING:c:\Users\donaj\anaconda3\Lib\site-packages\sklearn\discriminant_analysis.py:960: RuntimeWarning: invalid value encountered in multiply
  X2 = np.dot(Xm, R * (S ** (-0.5)))

2024-06-09 09:45:21,027:WARNING:c:\Users\donaj\anaconda3\Lib\site-packages\sklearn\discriminant_analysis.py:963: RuntimeWarning: divide by zero encountered in log
  u = np.asarray([np.sum(np.log(s)) for s in self.scalings_])

2024-06-09 09:45:21,030:WARNING:c:\Users\donaj\anaconda3\Lib\site-packages\pycaret\internal\metrics.py:204: FitFailedWarning: Metric 'make_scorer(roc_auc_score, response_method=('decision_function', 'predict_proba'), average=weighted, multi_class=ovr)' failed and error score 0.0 has been returned instead. If this is a custom metric, this usually means that the error is in the metric code. Full exception below:
Traceback (most recent call last):
  File "c:\Users\donaj\anaconda3\Lib\site-packages\pycaret\internal\metrics.py", line 196, in _score
    return super()._score(
           ^^^^^^^^^^^^^^^
  File "c:\Users\donaj\anaconda3\Lib\site-packages\sklearn\metrics\_scorer.py", line 350, in _score
    return self._sign * self._score_func(y_true, y_pred, **scoring_kwargs)
                        ^^^^^^^^^^^^^^^^^^^^^^^^^^^^^^^^^^^^^^^^^^^^^^^^^^
  File "c:\Users\donaj\anaconda3\Lib\site-packages\pycaret\internal\metrics.py", line 144, in __call__
    return self.score_func(y_true, y_pred, **kwargs)
           ^^^^^^^^^^^^^^^^^^^^^^^^^^^^^^^^^^^^^^^^^
  File "c:\Users\donaj\anaconda3\Lib\site-packages\sklearn\utils\_param_validation.py", line 213, in wrapper
    return func(*args, **kwargs)
           ^^^^^^^^^^^^^^^^^^^^^
  File "c:\Users\donaj\anaconda3\Lib\site-packages\sklearn\metrics\_ranking.py", line 619, in roc_auc_score
    y_score = check_array(y_score, ensure_2d=False)
              ^^^^^^^^^^^^^^^^^^^^^^^^^^^^^^^^^^^^^
  File "c:\Users\donaj\anaconda3\Lib\site-packages\sklearn\utils\validation.py", line 1049, in check_array
    _assert_all_finite(
  File "c:\Users\donaj\anaconda3\Lib\site-packages\sklearn\utils\validation.py", line 126, in _assert_all_finite
    _assert_all_finite_element_wise(
  File "c:\Users\donaj\anaconda3\Lib\site-packages\sklearn\utils\validation.py", line 175, in _assert_all_finite_element_wise
    raise ValueError(msg_err)
ValueError: Input contains NaN.

  warnings.warn(

2024-06-09 09:45:21,032:WARNING:c:\Users\donaj\anaconda3\Lib\site-packages\sklearn\discriminant_analysis.py:960: RuntimeWarning: divide by zero encountered in power
  X2 = np.dot(Xm, R * (S ** (-0.5)))

2024-06-09 09:45:21,032:WARNING:c:\Users\donaj\anaconda3\Lib\site-packages\sklearn\discriminant_analysis.py:960: RuntimeWarning: invalid value encountered in multiply
  X2 = np.dot(Xm, R * (S ** (-0.5)))

2024-06-09 09:45:21,035:WARNING:c:\Users\donaj\anaconda3\Lib\site-packages\sklearn\discriminant_analysis.py:963: RuntimeWarning: divide by zero encountered in log
  u = np.asarray([np.sum(np.log(s)) for s in self.scalings_])

2024-06-09 09:45:21,035:WARNING:c:\Users\donaj\anaconda3\Lib\site-packages\sklearn\discriminant_analysis.py:960: RuntimeWarning: divide by zero encountered in power
  X2 = np.dot(Xm, R * (S ** (-0.5)))

2024-06-09 09:45:21,036:WARNING:c:\Users\donaj\anaconda3\Lib\site-packages\sklearn\discriminant_analysis.py:960: RuntimeWarning: invalid value encountered in multiply
  X2 = np.dot(Xm, R * (S ** (-0.5)))

2024-06-09 09:45:21,039:WARNING:c:\Users\donaj\anaconda3\Lib\site-packages\sklearn\discriminant_analysis.py:963: RuntimeWarning: divide by zero encountered in log
  u = np.asarray([np.sum(np.log(s)) for s in self.scalings_])

2024-06-09 09:45:21,050:WARNING:c:\Users\donaj\anaconda3\Lib\site-packages\pycaret\internal\metrics.py:204: FitFailedWarning: Metric 'make_scorer(roc_auc_score, response_method=('decision_function', 'predict_proba'), average=weighted, multi_class=ovr)' failed and error score 0.0 has been returned instead. If this is a custom metric, this usually means that the error is in the metric code. Full exception below:
Traceback (most recent call last):
  File "c:\Users\donaj\anaconda3\Lib\site-packages\pycaret\internal\metrics.py", line 196, in _score
    return super()._score(
           ^^^^^^^^^^^^^^^
  File "c:\Users\donaj\anaconda3\Lib\site-packages\sklearn\metrics\_scorer.py", line 350, in _score
    return self._sign * self._score_func(y_true, y_pred, **scoring_kwargs)
                        ^^^^^^^^^^^^^^^^^^^^^^^^^^^^^^^^^^^^^^^^^^^^^^^^^^
  File "c:\Users\donaj\anaconda3\Lib\site-packages\pycaret\internal\metrics.py", line 144, in __call__
    return self.score_func(y_true, y_pred, **kwargs)
           ^^^^^^^^^^^^^^^^^^^^^^^^^^^^^^^^^^^^^^^^^
  File "c:\Users\donaj\anaconda3\Lib\site-packages\sklearn\utils\_param_validation.py", line 213, in wrapper
    return func(*args, **kwargs)
           ^^^^^^^^^^^^^^^^^^^^^
  File "c:\Users\donaj\anaconda3\Lib\site-packages\sklearn\metrics\_ranking.py", line 619, in roc_auc_score
    y_score = check_array(y_score, ensure_2d=False)
              ^^^^^^^^^^^^^^^^^^^^^^^^^^^^^^^^^^^^^
  File "c:\Users\donaj\anaconda3\Lib\site-packages\sklearn\utils\validation.py", line 1049, in check_array
    _assert_all_finite(
  File "c:\Users\donaj\anaconda3\Lib\site-packages\sklearn\utils\validation.py", line 126, in _assert_all_finite
    _assert_all_finite_element_wise(
  File "c:\Users\donaj\anaconda3\Lib\site-packages\sklearn\utils\validation.py", line 175, in _assert_all_finite_element_wise
    raise ValueError(msg_err)
ValueError: Input contains NaN.

  warnings.warn(

2024-06-09 09:45:21,051:WARNING:c:\Users\donaj\anaconda3\Lib\site-packages\pycaret\internal\metrics.py:204: FitFailedWarning: Metric 'make_scorer(roc_auc_score, response_method=('decision_function', 'predict_proba'), average=weighted, multi_class=ovr)' failed and error score 0.0 has been returned instead. If this is a custom metric, this usually means that the error is in the metric code. Full exception below:
Traceback (most recent call last):
  File "c:\Users\donaj\anaconda3\Lib\site-packages\pycaret\internal\metrics.py", line 196, in _score
    return super()._score(
           ^^^^^^^^^^^^^^^
  File "c:\Users\donaj\anaconda3\Lib\site-packages\sklearn\metrics\_scorer.py", line 350, in _score
    return self._sign * self._score_func(y_true, y_pred, **scoring_kwargs)
                        ^^^^^^^^^^^^^^^^^^^^^^^^^^^^^^^^^^^^^^^^^^^^^^^^^^
  File "c:\Users\donaj\anaconda3\Lib\site-packages\pycaret\internal\metrics.py", line 144, in __call__
    return self.score_func(y_true, y_pred, **kwargs)
           ^^^^^^^^^^^^^^^^^^^^^^^^^^^^^^^^^^^^^^^^^
  File "c:\Users\donaj\anaconda3\Lib\site-packages\sklearn\utils\_param_validation.py", line 213, in wrapper
    return func(*args, **kwargs)
           ^^^^^^^^^^^^^^^^^^^^^
  File "c:\Users\donaj\anaconda3\Lib\site-packages\sklearn\metrics\_ranking.py", line 619, in roc_auc_score
    y_score = check_array(y_score, ensure_2d=False)
              ^^^^^^^^^^^^^^^^^^^^^^^^^^^^^^^^^^^^^
  File "c:\Users\donaj\anaconda3\Lib\site-packages\sklearn\utils\validation.py", line 1049, in check_array
    _assert_all_finite(
  File "c:\Users\donaj\anaconda3\Lib\site-packages\sklearn\utils\validation.py", line 126, in _assert_all_finite
    _assert_all_finite_element_wise(
  File "c:\Users\donaj\anaconda3\Lib\site-packages\sklearn\utils\validation.py", line 175, in _assert_all_finite_element_wise
    raise ValueError(msg_err)
ValueError: Input contains NaN.

  warnings.warn(

2024-06-09 09:45:21,054:WARNING:c:\Users\donaj\anaconda3\Lib\site-packages\sklearn\discriminant_analysis.py:935: UserWarning: Variables are collinear
  warnings.warn("Variables are collinear")

2024-06-09 09:45:21,077:WARNING:c:\Users\donaj\anaconda3\Lib\site-packages\sklearn\metrics\_classification.py:1509: UndefinedMetricWarning: Precision is ill-defined and being set to 0.0 due to no predicted samples. Use `zero_division` parameter to control this behavior.
  _warn_prf(average, modifier, f"{metric.capitalize()} is", len(result))

2024-06-09 09:45:21,078:WARNING:c:\Users\donaj\anaconda3\Lib\site-packages\sklearn\metrics\_classification.py:1509: UndefinedMetricWarning: Precision is ill-defined and being set to 0.0 due to no predicted samples. Use `zero_division` parameter to control this behavior.
  _warn_prf(average, modifier, f"{metric.capitalize()} is", len(result))

2024-06-09 09:45:21,101:WARNING:c:\Users\donaj\anaconda3\Lib\site-packages\sklearn\discriminant_analysis.py:960: RuntimeWarning: divide by zero encountered in power
  X2 = np.dot(Xm, R * (S ** (-0.5)))

2024-06-09 09:45:21,102:WARNING:c:\Users\donaj\anaconda3\Lib\site-packages\sklearn\discriminant_analysis.py:960: RuntimeWarning: invalid value encountered in multiply
  X2 = np.dot(Xm, R * (S ** (-0.5)))

2024-06-09 09:45:21,105:WARNING:c:\Users\donaj\anaconda3\Lib\site-packages\sklearn\discriminant_analysis.py:963: RuntimeWarning: divide by zero encountered in log
  u = np.asarray([np.sum(np.log(s)) for s in self.scalings_])

2024-06-09 09:45:21,113:WARNING:c:\Users\donaj\anaconda3\Lib\site-packages\sklearn\discriminant_analysis.py:960: RuntimeWarning: divide by zero encountered in power
  X2 = np.dot(Xm, R * (S ** (-0.5)))

2024-06-09 09:45:21,114:WARNING:c:\Users\donaj\anaconda3\Lib\site-packages\sklearn\discriminant_analysis.py:960: RuntimeWarning: invalid value encountered in multiply
  X2 = np.dot(Xm, R * (S ** (-0.5)))

2024-06-09 09:45:21,116:WARNING:c:\Users\donaj\anaconda3\Lib\site-packages\sklearn\discriminant_analysis.py:963: RuntimeWarning: divide by zero encountered in log
  u = np.asarray([np.sum(np.log(s)) for s in self.scalings_])

2024-06-09 09:45:21,121:WARNING:c:\Users\donaj\anaconda3\Lib\site-packages\sklearn\discriminant_analysis.py:960: RuntimeWarning: divide by zero encountered in power
  X2 = np.dot(Xm, R * (S ** (-0.5)))

2024-06-09 09:45:21,121:WARNING:c:\Users\donaj\anaconda3\Lib\site-packages\sklearn\discriminant_analysis.py:960: RuntimeWarning: invalid value encountered in multiply
  X2 = np.dot(Xm, R * (S ** (-0.5)))

2024-06-09 09:45:21,123:WARNING:c:\Users\donaj\anaconda3\Lib\site-packages\sklearn\discriminant_analysis.py:963: RuntimeWarning: divide by zero encountered in log
  u = np.asarray([np.sum(np.log(s)) for s in self.scalings_])

2024-06-09 09:45:21,126:WARNING:c:\Users\donaj\anaconda3\Lib\site-packages\pycaret\internal\metrics.py:204: FitFailedWarning: Metric 'make_scorer(roc_auc_score, response_method=('decision_function', 'predict_proba'), average=weighted, multi_class=ovr)' failed and error score 0.0 has been returned instead. If this is a custom metric, this usually means that the error is in the metric code. Full exception below:
Traceback (most recent call last):
  File "c:\Users\donaj\anaconda3\Lib\site-packages\pycaret\internal\metrics.py", line 196, in _score
    return super()._score(
           ^^^^^^^^^^^^^^^
  File "c:\Users\donaj\anaconda3\Lib\site-packages\sklearn\metrics\_scorer.py", line 350, in _score
    return self._sign * self._score_func(y_true, y_pred, **scoring_kwargs)
                        ^^^^^^^^^^^^^^^^^^^^^^^^^^^^^^^^^^^^^^^^^^^^^^^^^^
  File "c:\Users\donaj\anaconda3\Lib\site-packages\pycaret\internal\metrics.py", line 144, in __call__
    return self.score_func(y_true, y_pred, **kwargs)
           ^^^^^^^^^^^^^^^^^^^^^^^^^^^^^^^^^^^^^^^^^
  File "c:\Users\donaj\anaconda3\Lib\site-packages\sklearn\utils\_param_validation.py", line 213, in wrapper
    return func(*args, **kwargs)
           ^^^^^^^^^^^^^^^^^^^^^
  File "c:\Users\donaj\anaconda3\Lib\site-packages\sklearn\metrics\_ranking.py", line 619, in roc_auc_score
    y_score = check_array(y_score, ensure_2d=False)
              ^^^^^^^^^^^^^^^^^^^^^^^^^^^^^^^^^^^^^
  File "c:\Users\donaj\anaconda3\Lib\site-packages\sklearn\utils\validation.py", line 1049, in check_array
    _assert_all_finite(
  File "c:\Users\donaj\anaconda3\Lib\site-packages\sklearn\utils\validation.py", line 126, in _assert_all_finite
    _assert_all_finite_element_wise(
  File "c:\Users\donaj\anaconda3\Lib\site-packages\sklearn\utils\validation.py", line 175, in _assert_all_finite_element_wise
    raise ValueError(msg_err)
ValueError: Input contains NaN.

  warnings.warn(

2024-06-09 09:45:21,128:WARNING:c:\Users\donaj\anaconda3\Lib\site-packages\sklearn\discriminant_analysis.py:960: RuntimeWarning: divide by zero encountered in power
  X2 = np.dot(Xm, R * (S ** (-0.5)))

2024-06-09 09:45:21,129:WARNING:c:\Users\donaj\anaconda3\Lib\site-packages\sklearn\discriminant_analysis.py:960: RuntimeWarning: invalid value encountered in multiply
  X2 = np.dot(Xm, R * (S ** (-0.5)))

2024-06-09 09:45:21,130:WARNING:c:\Users\donaj\anaconda3\Lib\site-packages\sklearn\discriminant_analysis.py:963: RuntimeWarning: divide by zero encountered in log
  u = np.asarray([np.sum(np.log(s)) for s in self.scalings_])

2024-06-09 09:45:21,143:WARNING:c:\Users\donaj\anaconda3\Lib\site-packages\pycaret\internal\metrics.py:204: FitFailedWarning: Metric 'make_scorer(roc_auc_score, response_method=('decision_function', 'predict_proba'), average=weighted, multi_class=ovr)' failed and error score 0.0 has been returned instead. If this is a custom metric, this usually means that the error is in the metric code. Full exception below:
Traceback (most recent call last):
  File "c:\Users\donaj\anaconda3\Lib\site-packages\pycaret\internal\metrics.py", line 196, in _score
    return super()._score(
           ^^^^^^^^^^^^^^^
  File "c:\Users\donaj\anaconda3\Lib\site-packages\sklearn\metrics\_scorer.py", line 350, in _score
    return self._sign * self._score_func(y_true, y_pred, **scoring_kwargs)
                        ^^^^^^^^^^^^^^^^^^^^^^^^^^^^^^^^^^^^^^^^^^^^^^^^^^
  File "c:\Users\donaj\anaconda3\Lib\site-packages\pycaret\internal\metrics.py", line 144, in __call__
    return self.score_func(y_true, y_pred, **kwargs)
           ^^^^^^^^^^^^^^^^^^^^^^^^^^^^^^^^^^^^^^^^^
  File "c:\Users\donaj\anaconda3\Lib\site-packages\sklearn\utils\_param_validation.py", line 213, in wrapper
    return func(*args, **kwargs)
           ^^^^^^^^^^^^^^^^^^^^^
  File "c:\Users\donaj\anaconda3\Lib\site-packages\sklearn\metrics\_ranking.py", line 619, in roc_auc_score
    y_score = check_array(y_score, ensure_2d=False)
              ^^^^^^^^^^^^^^^^^^^^^^^^^^^^^^^^^^^^^
  File "c:\Users\donaj\anaconda3\Lib\site-packages\sklearn\utils\validation.py", line 1049, in check_array
    _assert_all_finite(
  File "c:\Users\donaj\anaconda3\Lib\site-packages\sklearn\utils\validation.py", line 126, in _assert_all_finite
    _assert_all_finite_element_wise(
  File "c:\Users\donaj\anaconda3\Lib\site-packages\sklearn\utils\validation.py", line 175, in _assert_all_finite_element_wise
    raise ValueError(msg_err)
ValueError: Input contains NaN.

  warnings.warn(

2024-06-09 09:45:21,151:WARNING:c:\Users\donaj\anaconda3\Lib\site-packages\sklearn\metrics\_classification.py:1509: UndefinedMetricWarning: Precision is ill-defined and being set to 0.0 due to no predicted samples. Use `zero_division` parameter to control this behavior.
  _warn_prf(average, modifier, f"{metric.capitalize()} is", len(result))

2024-06-09 09:45:21,163:WARNING:c:\Users\donaj\anaconda3\Lib\site-packages\sklearn\metrics\_classification.py:1509: UndefinedMetricWarning: Precision is ill-defined and being set to 0.0 due to no predicted samples. Use `zero_division` parameter to control this behavior.
  _warn_prf(average, modifier, f"{metric.capitalize()} is", len(result))

2024-06-09 09:45:21,168:WARNING:c:\Users\donaj\anaconda3\Lib\site-packages\sklearn\discriminant_analysis.py:960: RuntimeWarning: divide by zero encountered in power
  X2 = np.dot(Xm, R * (S ** (-0.5)))

2024-06-09 09:45:21,169:WARNING:c:\Users\donaj\anaconda3\Lib\site-packages\sklearn\discriminant_analysis.py:960: RuntimeWarning: invalid value encountered in multiply
  X2 = np.dot(Xm, R * (S ** (-0.5)))

2024-06-09 09:45:21,170:WARNING:c:\Users\donaj\anaconda3\Lib\site-packages\sklearn\discriminant_analysis.py:963: RuntimeWarning: divide by zero encountered in log
  u = np.asarray([np.sum(np.log(s)) for s in self.scalings_])

2024-06-09 09:45:21,176:WARNING:c:\Users\donaj\anaconda3\Lib\site-packages\sklearn\discriminant_analysis.py:960: RuntimeWarning: divide by zero encountered in power
  X2 = np.dot(Xm, R * (S ** (-0.5)))

2024-06-09 09:45:21,176:WARNING:c:\Users\donaj\anaconda3\Lib\site-packages\sklearn\discriminant_analysis.py:960: RuntimeWarning: invalid value encountered in multiply
  X2 = np.dot(Xm, R * (S ** (-0.5)))

2024-06-09 09:45:21,177:WARNING:c:\Users\donaj\anaconda3\Lib\site-packages\sklearn\discriminant_analysis.py:963: RuntimeWarning: divide by zero encountered in log
  u = np.asarray([np.sum(np.log(s)) for s in self.scalings_])

2024-06-09 09:45:21,187:WARNING:c:\Users\donaj\anaconda3\Lib\site-packages\pycaret\internal\metrics.py:204: FitFailedWarning: Metric 'make_scorer(roc_auc_score, response_method=('decision_function', 'predict_proba'), average=weighted, multi_class=ovr)' failed and error score 0.0 has been returned instead. If this is a custom metric, this usually means that the error is in the metric code. Full exception below:
Traceback (most recent call last):
  File "c:\Users\donaj\anaconda3\Lib\site-packages\pycaret\internal\metrics.py", line 196, in _score
    return super()._score(
           ^^^^^^^^^^^^^^^
  File "c:\Users\donaj\anaconda3\Lib\site-packages\sklearn\metrics\_scorer.py", line 350, in _score
    return self._sign * self._score_func(y_true, y_pred, **scoring_kwargs)
                        ^^^^^^^^^^^^^^^^^^^^^^^^^^^^^^^^^^^^^^^^^^^^^^^^^^
  File "c:\Users\donaj\anaconda3\Lib\site-packages\pycaret\internal\metrics.py", line 144, in __call__
    return self.score_func(y_true, y_pred, **kwargs)
           ^^^^^^^^^^^^^^^^^^^^^^^^^^^^^^^^^^^^^^^^^
  File "c:\Users\donaj\anaconda3\Lib\site-packages\sklearn\utils\_param_validation.py", line 213, in wrapper
    return func(*args, **kwargs)
           ^^^^^^^^^^^^^^^^^^^^^
  File "c:\Users\donaj\anaconda3\Lib\site-packages\sklearn\metrics\_ranking.py", line 619, in roc_auc_score
    y_score = check_array(y_score, ensure_2d=False)
              ^^^^^^^^^^^^^^^^^^^^^^^^^^^^^^^^^^^^^
  File "c:\Users\donaj\anaconda3\Lib\site-packages\sklearn\utils\validation.py", line 1049, in check_array
    _assert_all_finite(
  File "c:\Users\donaj\anaconda3\Lib\site-packages\sklearn\utils\validation.py", line 126, in _assert_all_finite
    _assert_all_finite_element_wise(
  File "c:\Users\donaj\anaconda3\Lib\site-packages\sklearn\utils\validation.py", line 175, in _assert_all_finite_element_wise
    raise ValueError(msg_err)
ValueError: Input contains NaN.

  warnings.warn(

2024-06-09 09:45:21,195:WARNING:c:\Users\donaj\anaconda3\Lib\site-packages\sklearn\discriminant_analysis.py:960: RuntimeWarning: divide by zero encountered in power
  X2 = np.dot(Xm, R * (S ** (-0.5)))

2024-06-09 09:45:21,196:WARNING:c:\Users\donaj\anaconda3\Lib\site-packages\sklearn\discriminant_analysis.py:960: RuntimeWarning: invalid value encountered in multiply
  X2 = np.dot(Xm, R * (S ** (-0.5)))

2024-06-09 09:45:21,198:WARNING:c:\Users\donaj\anaconda3\Lib\site-packages\sklearn\discriminant_analysis.py:963: RuntimeWarning: divide by zero encountered in log
  u = np.asarray([np.sum(np.log(s)) for s in self.scalings_])

2024-06-09 09:45:21,203:WARNING:c:\Users\donaj\anaconda3\Lib\site-packages\sklearn\discriminant_analysis.py:960: RuntimeWarning: divide by zero encountered in power
  X2 = np.dot(Xm, R * (S ** (-0.5)))

2024-06-09 09:45:21,203:WARNING:c:\Users\donaj\anaconda3\Lib\site-packages\sklearn\discriminant_analysis.py:960: RuntimeWarning: invalid value encountered in multiply
  X2 = np.dot(Xm, R * (S ** (-0.5)))

2024-06-09 09:45:21,205:WARNING:c:\Users\donaj\anaconda3\Lib\site-packages\sklearn\discriminant_analysis.py:963: RuntimeWarning: divide by zero encountered in log
  u = np.asarray([np.sum(np.log(s)) for s in self.scalings_])

2024-06-09 09:45:21,215:WARNING:c:\Users\donaj\anaconda3\Lib\site-packages\pycaret\internal\metrics.py:204: FitFailedWarning: Metric 'make_scorer(roc_auc_score, response_method=('decision_function', 'predict_proba'), average=weighted, multi_class=ovr)' failed and error score 0.0 has been returned instead. If this is a custom metric, this usually means that the error is in the metric code. Full exception below:
Traceback (most recent call last):
  File "c:\Users\donaj\anaconda3\Lib\site-packages\pycaret\internal\metrics.py", line 196, in _score
    return super()._score(
           ^^^^^^^^^^^^^^^
  File "c:\Users\donaj\anaconda3\Lib\site-packages\sklearn\metrics\_scorer.py", line 350, in _score
    return self._sign * self._score_func(y_true, y_pred, **scoring_kwargs)
                        ^^^^^^^^^^^^^^^^^^^^^^^^^^^^^^^^^^^^^^^^^^^^^^^^^^
  File "c:\Users\donaj\anaconda3\Lib\site-packages\pycaret\internal\metrics.py", line 144, in __call__
    return self.score_func(y_true, y_pred, **kwargs)
           ^^^^^^^^^^^^^^^^^^^^^^^^^^^^^^^^^^^^^^^^^
  File "c:\Users\donaj\anaconda3\Lib\site-packages\sklearn\utils\_param_validation.py", line 213, in wrapper
    return func(*args, **kwargs)
           ^^^^^^^^^^^^^^^^^^^^^
  File "c:\Users\donaj\anaconda3\Lib\site-packages\sklearn\metrics\_ranking.py", line 619, in roc_auc_score
    y_score = check_array(y_score, ensure_2d=False)
              ^^^^^^^^^^^^^^^^^^^^^^^^^^^^^^^^^^^^^
  File "c:\Users\donaj\anaconda3\Lib\site-packages\sklearn\utils\validation.py", line 1049, in check_array
    _assert_all_finite(
  File "c:\Users\donaj\anaconda3\Lib\site-packages\sklearn\utils\validation.py", line 126, in _assert_all_finite
    _assert_all_finite_element_wise(
  File "c:\Users\donaj\anaconda3\Lib\site-packages\sklearn\utils\validation.py", line 175, in _assert_all_finite_element_wise
    raise ValueError(msg_err)
ValueError: Input contains NaN.

  warnings.warn(

2024-06-09 09:45:21,231:WARNING:c:\Users\donaj\anaconda3\Lib\site-packages\sklearn\metrics\_classification.py:1509: UndefinedMetricWarning: Precision is ill-defined and being set to 0.0 due to no predicted samples. Use `zero_division` parameter to control this behavior.
  _warn_prf(average, modifier, f"{metric.capitalize()} is", len(result))

2024-06-09 09:45:21,250:INFO:Calculating mean and std
2024-06-09 09:45:21,252:INFO:Creating metrics dataframe
2024-06-09 09:45:21,258:INFO:Uploading results into container
2024-06-09 09:45:21,258:INFO:Uploading model into container now
2024-06-09 09:45:21,260:INFO:_master_model_container: 8
2024-06-09 09:45:21,260:INFO:_display_container: 2
2024-06-09 09:45:21,261:INFO:QuadraticDiscriminantAnalysis(priors=None, reg_param=0.0,
                              store_covariance=False, tol=0.0001)
2024-06-09 09:45:21,262:INFO:create_model() successfully completed......................................
2024-06-09 09:45:21,396:INFO:SubProcess create_model() end ==================================
2024-06-09 09:45:21,397:INFO:Creating metrics dataframe
2024-06-09 09:45:21,415:INFO:Initializing Ada Boost Classifier
2024-06-09 09:45:21,416:INFO:Total runtime is 2.7874518156051638 minutes
2024-06-09 09:45:21,424:INFO:SubProcess create_model() called ==================================
2024-06-09 09:45:21,425:INFO:Initializing create_model()
2024-06-09 09:45:21,425:INFO:create_model(self=<pycaret.classification.oop.ClassificationExperiment object at 0x000001C4ABD62A90>, estimator=ada, fold=StratifiedKFold(n_splits=10, random_state=None, shuffle=False), round=4, cross_validation=True, predict=True, fit_kwargs={}, groups=None, refit=False, probability_threshold=None, experiment_custom_tags=None, verbose=False, system=False, add_to_model_list=True, metrics=None, display=<pycaret.internal.display.display.CommonDisplay object at 0x000001C4AB182D10>, model_only=True, return_train_score=False, error_score=0.0, kwargs={})
2024-06-09 09:45:21,425:INFO:Checking exceptions
2024-06-09 09:45:21,426:INFO:Importing libraries
2024-06-09 09:45:21,426:INFO:Copying training dataset
2024-06-09 09:45:21,482:INFO:Defining folds
2024-06-09 09:45:21,482:INFO:Declaring metric variables
2024-06-09 09:45:21,490:INFO:Importing untrained model
2024-06-09 09:45:21,499:INFO:Ada Boost Classifier Imported successfully
2024-06-09 09:45:21,513:INFO:Starting cross validation
2024-06-09 09:45:21,546:INFO:Cross validating with StratifiedKFold(n_splits=10, random_state=None, shuffle=False), n_jobs=-1
2024-06-09 09:45:30,699:WARNING:c:\Users\donaj\anaconda3\Lib\site-packages\sklearn\ensemble\_weight_boosting.py:519: FutureWarning: The SAMME.R algorithm (the default) is deprecated and will be removed in 1.6. Use the SAMME algorithm to circumvent this warning.
  warnings.warn(

2024-06-09 09:45:30,774:WARNING:c:\Users\donaj\anaconda3\Lib\site-packages\sklearn\ensemble\_weight_boosting.py:519: FutureWarning: The SAMME.R algorithm (the default) is deprecated and will be removed in 1.6. Use the SAMME algorithm to circumvent this warning.
  warnings.warn(

2024-06-09 09:45:30,794:WARNING:c:\Users\donaj\anaconda3\Lib\site-packages\sklearn\ensemble\_weight_boosting.py:519: FutureWarning: The SAMME.R algorithm (the default) is deprecated and will be removed in 1.6. Use the SAMME algorithm to circumvent this warning.
  warnings.warn(

2024-06-09 09:45:30,830:WARNING:c:\Users\donaj\anaconda3\Lib\site-packages\sklearn\ensemble\_weight_boosting.py:519: FutureWarning: The SAMME.R algorithm (the default) is deprecated and will be removed in 1.6. Use the SAMME algorithm to circumvent this warning.
  warnings.warn(

2024-06-09 09:45:30,885:WARNING:c:\Users\donaj\anaconda3\Lib\site-packages\sklearn\ensemble\_weight_boosting.py:519: FutureWarning: The SAMME.R algorithm (the default) is deprecated and will be removed in 1.6. Use the SAMME algorithm to circumvent this warning.
  warnings.warn(

2024-06-09 09:45:30,887:WARNING:c:\Users\donaj\anaconda3\Lib\site-packages\sklearn\ensemble\_weight_boosting.py:519: FutureWarning: The SAMME.R algorithm (the default) is deprecated and will be removed in 1.6. Use the SAMME algorithm to circumvent this warning.
  warnings.warn(

2024-06-09 09:45:30,909:WARNING:c:\Users\donaj\anaconda3\Lib\site-packages\sklearn\ensemble\_weight_boosting.py:519: FutureWarning: The SAMME.R algorithm (the default) is deprecated and will be removed in 1.6. Use the SAMME algorithm to circumvent this warning.
  warnings.warn(

2024-06-09 09:45:30,916:WARNING:c:\Users\donaj\anaconda3\Lib\site-packages\sklearn\ensemble\_weight_boosting.py:519: FutureWarning: The SAMME.R algorithm (the default) is deprecated and will be removed in 1.6. Use the SAMME algorithm to circumvent this warning.
  warnings.warn(

2024-06-09 09:45:31,014:WARNING:c:\Users\donaj\anaconda3\Lib\site-packages\sklearn\ensemble\_weight_boosting.py:519: FutureWarning: The SAMME.R algorithm (the default) is deprecated and will be removed in 1.6. Use the SAMME algorithm to circumvent this warning.
  warnings.warn(

2024-06-09 09:45:31,028:WARNING:c:\Users\donaj\anaconda3\Lib\site-packages\sklearn\ensemble\_weight_boosting.py:519: FutureWarning: The SAMME.R algorithm (the default) is deprecated and will be removed in 1.6. Use the SAMME algorithm to circumvent this warning.
  warnings.warn(

2024-06-09 09:45:51,702:INFO:Calculating mean and std
2024-06-09 09:45:51,705:INFO:Creating metrics dataframe
2024-06-09 09:45:51,711:INFO:Uploading results into container
2024-06-09 09:45:51,712:INFO:Uploading model into container now
2024-06-09 09:45:51,713:INFO:_master_model_container: 9
2024-06-09 09:45:51,713:INFO:_display_container: 2
2024-06-09 09:45:51,713:INFO:AdaBoostClassifier(algorithm='SAMME.R', estimator=None, learning_rate=1.0,
                   n_estimators=50, random_state=42)
2024-06-09 09:45:51,714:INFO:create_model() successfully completed......................................
2024-06-09 09:45:51,831:INFO:SubProcess create_model() end ==================================
2024-06-09 09:45:51,832:INFO:Creating metrics dataframe
2024-06-09 09:45:51,846:INFO:Initializing Gradient Boosting Classifier
2024-06-09 09:45:51,846:INFO:Total runtime is 3.294641220569611 minutes
2024-06-09 09:45:51,853:INFO:SubProcess create_model() called ==================================
2024-06-09 09:45:51,853:INFO:Initializing create_model()
2024-06-09 09:45:51,853:INFO:create_model(self=<pycaret.classification.oop.ClassificationExperiment object at 0x000001C4ABD62A90>, estimator=gbc, fold=StratifiedKFold(n_splits=10, random_state=None, shuffle=False), round=4, cross_validation=True, predict=True, fit_kwargs={}, groups=None, refit=False, probability_threshold=None, experiment_custom_tags=None, verbose=False, system=False, add_to_model_list=True, metrics=None, display=<pycaret.internal.display.display.CommonDisplay object at 0x000001C4AB182D10>, model_only=True, return_train_score=False, error_score=0.0, kwargs={})
2024-06-09 09:45:51,853:INFO:Checking exceptions
2024-06-09 09:45:51,854:INFO:Importing libraries
2024-06-09 09:45:51,854:INFO:Copying training dataset
2024-06-09 09:45:51,903:INFO:Defining folds
2024-06-09 09:45:51,904:INFO:Declaring metric variables
2024-06-09 09:45:51,910:INFO:Importing untrained model
2024-06-09 09:45:51,918:INFO:Gradient Boosting Classifier Imported successfully
2024-06-09 09:45:51,930:INFO:Starting cross validation
2024-06-09 09:45:51,956:INFO:Cross validating with StratifiedKFold(n_splits=10, random_state=None, shuffle=False), n_jobs=-1
2024-06-09 09:47:36,489:INFO:Calculating mean and std
2024-06-09 09:47:36,490:INFO:Creating metrics dataframe
2024-06-09 09:47:36,500:INFO:Uploading results into container
2024-06-09 09:47:36,502:INFO:Uploading model into container now
2024-06-09 09:47:36,503:INFO:_master_model_container: 10
2024-06-09 09:47:36,503:INFO:_display_container: 2
2024-06-09 09:47:36,503:INFO:GradientBoostingClassifier(ccp_alpha=0.0, criterion='friedman_mse', init=None,
                           learning_rate=0.1, loss='log_loss', max_depth=3,
                           max_features=None, max_leaf_nodes=None,
                           min_impurity_decrease=0.0, min_samples_leaf=1,
                           min_samples_split=2, min_weight_fraction_leaf=0.0,
                           n_estimators=100, n_iter_no_change=None,
                           random_state=42, subsample=1.0, tol=0.0001,
                           validation_fraction=0.1, verbose=0,
                           warm_start=False)
2024-06-09 09:47:36,503:INFO:create_model() successfully completed......................................
2024-06-09 09:47:36,607:INFO:SubProcess create_model() end ==================================
2024-06-09 09:47:36,607:INFO:Creating metrics dataframe
2024-06-09 09:47:36,621:INFO:Initializing Linear Discriminant Analysis
2024-06-09 09:47:36,622:INFO:Total runtime is 5.040917837619782 minutes
2024-06-09 09:47:36,626:INFO:SubProcess create_model() called ==================================
2024-06-09 09:47:36,627:INFO:Initializing create_model()
2024-06-09 09:47:36,627:INFO:create_model(self=<pycaret.classification.oop.ClassificationExperiment object at 0x000001C4ABD62A90>, estimator=lda, fold=StratifiedKFold(n_splits=10, random_state=None, shuffle=False), round=4, cross_validation=True, predict=True, fit_kwargs={}, groups=None, refit=False, probability_threshold=None, experiment_custom_tags=None, verbose=False, system=False, add_to_model_list=True, metrics=None, display=<pycaret.internal.display.display.CommonDisplay object at 0x000001C4AB182D10>, model_only=True, return_train_score=False, error_score=0.0, kwargs={})
2024-06-09 09:47:36,627:INFO:Checking exceptions
2024-06-09 09:47:36,628:INFO:Importing libraries
2024-06-09 09:47:36,628:INFO:Copying training dataset
2024-06-09 09:47:36,665:INFO:Defining folds
2024-06-09 09:47:36,666:INFO:Declaring metric variables
2024-06-09 09:47:36,672:INFO:Importing untrained model
2024-06-09 09:47:36,679:INFO:Linear Discriminant Analysis Imported successfully
2024-06-09 09:47:36,691:INFO:Starting cross validation
2024-06-09 09:47:36,714:INFO:Cross validating with StratifiedKFold(n_splits=10, random_state=None, shuffle=False), n_jobs=-1
2024-06-09 09:47:46,724:INFO:Calculating mean and std
2024-06-09 09:47:46,726:INFO:Creating metrics dataframe
2024-06-09 09:47:46,731:INFO:Uploading results into container
2024-06-09 09:47:46,732:INFO:Uploading model into container now
2024-06-09 09:47:46,732:INFO:_master_model_container: 11
2024-06-09 09:47:46,733:INFO:_display_container: 2
2024-06-09 09:47:46,733:INFO:LinearDiscriminantAnalysis(covariance_estimator=None, n_components=None,
                           priors=None, shrinkage=None, solver='svd',
                           store_covariance=False, tol=0.0001)
2024-06-09 09:47:46,733:INFO:create_model() successfully completed......................................
2024-06-09 09:47:46,834:INFO:SubProcess create_model() end ==================================
2024-06-09 09:47:46,835:INFO:Creating metrics dataframe
2024-06-09 09:47:46,852:INFO:Initializing Extra Trees Classifier
2024-06-09 09:47:46,852:INFO:Total runtime is 5.2114027619361885 minutes
2024-06-09 09:47:46,858:INFO:SubProcess create_model() called ==================================
2024-06-09 09:47:46,858:INFO:Initializing create_model()
2024-06-09 09:47:46,859:INFO:create_model(self=<pycaret.classification.oop.ClassificationExperiment object at 0x000001C4ABD62A90>, estimator=et, fold=StratifiedKFold(n_splits=10, random_state=None, shuffle=False), round=4, cross_validation=True, predict=True, fit_kwargs={}, groups=None, refit=False, probability_threshold=None, experiment_custom_tags=None, verbose=False, system=False, add_to_model_list=True, metrics=None, display=<pycaret.internal.display.display.CommonDisplay object at 0x000001C4AB182D10>, model_only=True, return_train_score=False, error_score=0.0, kwargs={})
2024-06-09 09:47:46,859:INFO:Checking exceptions
2024-06-09 09:47:46,859:INFO:Importing libraries
2024-06-09 09:47:46,859:INFO:Copying training dataset
2024-06-09 09:47:46,893:INFO:Defining folds
2024-06-09 09:47:46,893:INFO:Declaring metric variables
2024-06-09 09:47:46,902:INFO:Importing untrained model
2024-06-09 09:47:46,908:INFO:Extra Trees Classifier Imported successfully
2024-06-09 09:47:46,920:INFO:Starting cross validation
2024-06-09 09:47:46,944:INFO:Cross validating with StratifiedKFold(n_splits=10, random_state=None, shuffle=False), n_jobs=-1
2024-06-09 09:48:09,786:INFO:Calculating mean and std
2024-06-09 09:48:09,788:INFO:Creating metrics dataframe
2024-06-09 09:48:09,796:INFO:Uploading results into container
2024-06-09 09:48:09,798:INFO:Uploading model into container now
2024-06-09 09:48:09,799:INFO:_master_model_container: 12
2024-06-09 09:48:09,799:INFO:_display_container: 2
2024-06-09 09:48:09,801:INFO:ExtraTreesClassifier(bootstrap=False, ccp_alpha=0.0, class_weight=None,
                     criterion='gini', max_depth=None, max_features='sqrt',
                     max_leaf_nodes=None, max_samples=None,
                     min_impurity_decrease=0.0, min_samples_leaf=1,
                     min_samples_split=2, min_weight_fraction_leaf=0.0,
                     monotonic_cst=None, n_estimators=100, n_jobs=-1,
                     oob_score=False, random_state=42, verbose=0,
                     warm_start=False)
2024-06-09 09:48:09,801:INFO:create_model() successfully completed......................................
2024-06-09 09:48:09,926:INFO:SubProcess create_model() end ==================================
2024-06-09 09:48:09,927:INFO:Creating metrics dataframe
2024-06-09 09:48:09,948:INFO:Initializing Extreme Gradient Boosting
2024-06-09 09:48:09,949:INFO:Total runtime is 5.596361351013185 minutes
2024-06-09 09:48:09,957:INFO:SubProcess create_model() called ==================================
2024-06-09 09:48:09,958:INFO:Initializing create_model()
2024-06-09 09:48:09,959:INFO:create_model(self=<pycaret.classification.oop.ClassificationExperiment object at 0x000001C4ABD62A90>, estimator=xgboost, fold=StratifiedKFold(n_splits=10, random_state=None, shuffle=False), round=4, cross_validation=True, predict=True, fit_kwargs={}, groups=None, refit=False, probability_threshold=None, experiment_custom_tags=None, verbose=False, system=False, add_to_model_list=True, metrics=None, display=<pycaret.internal.display.display.CommonDisplay object at 0x000001C4AB182D10>, model_only=True, return_train_score=False, error_score=0.0, kwargs={})
2024-06-09 09:48:09,959:INFO:Checking exceptions
2024-06-09 09:48:09,959:INFO:Importing libraries
2024-06-09 09:48:09,959:INFO:Copying training dataset
2024-06-09 09:48:10,014:INFO:Defining folds
2024-06-09 09:48:10,015:INFO:Declaring metric variables
2024-06-09 09:48:10,025:INFO:Importing untrained model
2024-06-09 09:48:10,034:INFO:Extreme Gradient Boosting Imported successfully
2024-06-09 09:48:10,051:INFO:Starting cross validation
2024-06-09 09:48:10,078:INFO:Cross validating with StratifiedKFold(n_splits=10, random_state=None, shuffle=False), n_jobs=-1
2024-06-09 09:48:22,657:INFO:Calculating mean and std
2024-06-09 09:48:22,660:INFO:Creating metrics dataframe
2024-06-09 09:48:22,667:INFO:Uploading results into container
2024-06-09 09:48:22,668:INFO:Uploading model into container now
2024-06-09 09:48:22,669:INFO:_master_model_container: 13
2024-06-09 09:48:22,669:INFO:_display_container: 2
2024-06-09 09:48:22,671:INFO:XGBClassifier(base_score=None, booster='gbtree', callbacks=None,
              colsample_bylevel=None, colsample_bynode=None,
              colsample_bytree=None, device='cpu', early_stopping_rounds=None,
              enable_categorical=False, eval_metric=None, feature_types=None,
              gamma=None, grow_policy=None, importance_type=None,
              interaction_constraints=None, learning_rate=None, max_bin=None,
              max_cat_threshold=None, max_cat_to_onehot=None,
              max_delta_step=None, max_depth=None, max_leaves=None,
              min_child_weight=None, missing=nan, monotone_constraints=None,
              multi_strategy=None, n_estimators=None, n_jobs=-1,
              num_parallel_tree=None, objective='binary:logistic', ...)
2024-06-09 09:48:22,672:INFO:create_model() successfully completed......................................
2024-06-09 09:48:22,788:INFO:SubProcess create_model() end ==================================
2024-06-09 09:48:22,788:INFO:Creating metrics dataframe
2024-06-09 09:48:22,807:INFO:Initializing Light Gradient Boosting Machine
2024-06-09 09:48:22,807:INFO:Total runtime is 5.810651926199596 minutes
2024-06-09 09:48:22,814:INFO:SubProcess create_model() called ==================================
2024-06-09 09:48:22,814:INFO:Initializing create_model()
2024-06-09 09:48:22,815:INFO:create_model(self=<pycaret.classification.oop.ClassificationExperiment object at 0x000001C4ABD62A90>, estimator=lightgbm, fold=StratifiedKFold(n_splits=10, random_state=None, shuffle=False), round=4, cross_validation=True, predict=True, fit_kwargs={}, groups=None, refit=False, probability_threshold=None, experiment_custom_tags=None, verbose=False, system=False, add_to_model_list=True, metrics=None, display=<pycaret.internal.display.display.CommonDisplay object at 0x000001C4AB182D10>, model_only=True, return_train_score=False, error_score=0.0, kwargs={})
2024-06-09 09:48:22,815:INFO:Checking exceptions
2024-06-09 09:48:22,815:INFO:Importing libraries
2024-06-09 09:48:22,815:INFO:Copying training dataset
2024-06-09 09:48:22,859:INFO:Defining folds
2024-06-09 09:48:22,859:INFO:Declaring metric variables
2024-06-09 09:48:22,865:INFO:Importing untrained model
2024-06-09 09:48:22,873:INFO:Light Gradient Boosting Machine Imported successfully
2024-06-09 09:48:22,886:INFO:Starting cross validation
2024-06-09 09:48:22,912:INFO:Cross validating with StratifiedKFold(n_splits=10, random_state=None, shuffle=False), n_jobs=-1
2024-06-09 09:48:39,902:INFO:Calculating mean and std
2024-06-09 09:48:39,904:INFO:Creating metrics dataframe
2024-06-09 09:48:39,912:INFO:Uploading results into container
2024-06-09 09:48:39,914:INFO:Uploading model into container now
2024-06-09 09:48:39,915:INFO:_master_model_container: 14
2024-06-09 09:48:39,915:INFO:_display_container: 2
2024-06-09 09:48:39,916:INFO:LGBMClassifier(boosting_type='gbdt', class_weight=None, colsample_bytree=1.0,
               importance_type='split', learning_rate=0.1, max_depth=-1,
               min_child_samples=20, min_child_weight=0.001, min_split_gain=0.0,
               n_estimators=100, n_jobs=-1, num_leaves=31, objective=None,
               random_state=42, reg_alpha=0.0, reg_lambda=0.0, subsample=1.0,
               subsample_for_bin=200000, subsample_freq=0)
2024-06-09 09:48:39,917:INFO:create_model() successfully completed......................................
2024-06-09 09:48:40,070:INFO:SubProcess create_model() end ==================================
2024-06-09 09:48:40,071:INFO:Creating metrics dataframe
2024-06-09 09:48:40,098:INFO:Initializing Dummy Classifier
2024-06-09 09:48:40,098:INFO:Total runtime is 6.098841424783072 minutes
2024-06-09 09:48:40,104:INFO:SubProcess create_model() called ==================================
2024-06-09 09:48:40,105:INFO:Initializing create_model()
2024-06-09 09:48:40,105:INFO:create_model(self=<pycaret.classification.oop.ClassificationExperiment object at 0x000001C4ABD62A90>, estimator=dummy, fold=StratifiedKFold(n_splits=10, random_state=None, shuffle=False), round=4, cross_validation=True, predict=True, fit_kwargs={}, groups=None, refit=False, probability_threshold=None, experiment_custom_tags=None, verbose=False, system=False, add_to_model_list=True, metrics=None, display=<pycaret.internal.display.display.CommonDisplay object at 0x000001C4AB182D10>, model_only=True, return_train_score=False, error_score=0.0, kwargs={})
2024-06-09 09:48:40,106:INFO:Checking exceptions
2024-06-09 09:48:40,106:INFO:Importing libraries
2024-06-09 09:48:40,106:INFO:Copying training dataset
2024-06-09 09:48:40,163:INFO:Defining folds
2024-06-09 09:48:40,164:INFO:Declaring metric variables
2024-06-09 09:48:40,174:INFO:Importing untrained model
2024-06-09 09:48:40,184:INFO:Dummy Classifier Imported successfully
2024-06-09 09:48:40,202:INFO:Starting cross validation
2024-06-09 09:48:40,239:INFO:Cross validating with StratifiedKFold(n_splits=10, random_state=None, shuffle=False), n_jobs=-1
2024-06-09 09:48:51,324:INFO:Calculating mean and std
2024-06-09 09:48:51,327:INFO:Creating metrics dataframe
2024-06-09 09:48:51,333:INFO:Uploading results into container
2024-06-09 09:48:51,334:INFO:Uploading model into container now
2024-06-09 09:48:51,335:INFO:_master_model_container: 15
2024-06-09 09:48:51,335:INFO:_display_container: 2
2024-06-09 09:48:51,336:INFO:DummyClassifier(constant=None, random_state=42, strategy='prior')
2024-06-09 09:48:51,336:INFO:create_model() successfully completed......................................
2024-06-09 09:48:51,450:INFO:SubProcess create_model() end ==================================
2024-06-09 09:48:51,451:INFO:Creating metrics dataframe
2024-06-09 09:48:51,484:INFO:Initializing create_model()
2024-06-09 09:48:51,484:INFO:create_model(self=<pycaret.classification.oop.ClassificationExperiment object at 0x000001C4ABD62A90>, estimator=DecisionTreeClassifier(ccp_alpha=0.0, class_weight=None, criterion='gini',
                       max_depth=None, max_features=None, max_leaf_nodes=None,
                       min_impurity_decrease=0.0, min_samples_leaf=1,
                       min_samples_split=2, min_weight_fraction_leaf=0.0,
                       monotonic_cst=None, random_state=42, splitter='best'), fold=StratifiedKFold(n_splits=10, random_state=None, shuffle=False), round=4, cross_validation=False, predict=False, fit_kwargs={}, groups=None, refit=True, probability_threshold=None, experiment_custom_tags=None, verbose=False, system=False, add_to_model_list=True, metrics=None, display=None, model_only=True, return_train_score=False, error_score=0.0, kwargs={})
2024-06-09 09:48:51,485:INFO:Checking exceptions
2024-06-09 09:48:51,488:INFO:Importing libraries
2024-06-09 09:48:51,488:INFO:Copying training dataset
2024-06-09 09:48:51,525:INFO:Defining folds
2024-06-09 09:48:51,525:INFO:Declaring metric variables
2024-06-09 09:48:51,525:INFO:Importing untrained model
2024-06-09 09:48:51,525:INFO:Declaring custom model
2024-06-09 09:48:51,526:INFO:Decision Tree Classifier Imported successfully
2024-06-09 09:48:51,546:INFO:Cross validation set to False
2024-06-09 09:48:51,546:INFO:Fitting Model
2024-06-09 09:48:57,738:INFO:DecisionTreeClassifier(ccp_alpha=0.0, class_weight=None, criterion='gini',
                       max_depth=None, max_features=None, max_leaf_nodes=None,
                       min_impurity_decrease=0.0, min_samples_leaf=1,
                       min_samples_split=2, min_weight_fraction_leaf=0.0,
                       monotonic_cst=None, random_state=42, splitter='best')
2024-06-09 09:48:57,738:INFO:create_model() successfully completed......................................
2024-06-09 09:48:57,869:INFO:_master_model_container: 15
2024-06-09 09:48:57,869:INFO:_display_container: 2
2024-06-09 09:48:57,869:INFO:DecisionTreeClassifier(ccp_alpha=0.0, class_weight=None, criterion='gini',
                       max_depth=None, max_features=None, max_leaf_nodes=None,
                       min_impurity_decrease=0.0, min_samples_leaf=1,
                       min_samples_split=2, min_weight_fraction_leaf=0.0,
                       monotonic_cst=None, random_state=42, splitter='best')
2024-06-09 09:48:57,870:INFO:compare_models() successfully completed......................................
